MPLINK 4.34, Linker
Linker Map File - Created Thu Jul 21 16:18:03 2022

                                 Section Info
                  Section       Type    Address   Location Size(Bytes)
                ---------  ---------  ---------  ---------  ---------
               _entry_scn       code   0x000000    program   0x000006
    HIGH_INTERRUPT_VECTOR       code   0x000008    program   0x000006
     LOW_INTERRUPT_VECTOR       code   0x000018    program   0x000006
    REMAPPED_RESET_VECTOR       code   0x001000    program   0x000006
REMAPPED_HIGH_INTERRUPT_VECTOR       code   0x001008    program   0x000006
REMAPPED_LOW_INTERRUPT_VECTOR       code   0x001018    program   0x000006
                   .cinit    romdata   0x00102a    program   0x000056
.code_OBJECTS\Temp_Ctrl.o       code   0x001080    program   0x001d98
.code_OBJECTS\usb_device.o       code   0x002e18    program   0x00108e
.romdata_OBJECTS\Temp_Table.o    romdata   0x003ea6    program   0x001000
 .code_OBJECTS\PCR_Task.o       code   0x004ea6    program   0x000eb2
                     PROG       code   0x005d58    program   0x00066e
           .code_sincos.o       code   0x0063c6    program   0x0005aa
.code_OBJECTS\Temp_Sensor.o       code   0x006970    program   0x00040e
 .code_OBJECTS\Usb_Task.o       code   0x006d7e    program   0x0001e2
     .code_OBJECTS\main.o       code   0x006f60    program   0x000150
    .code_OBJECTS\Timer.o       code   0x0070b0    program   0x000140
         .code_UnpkMath.o       code   0x0071f0    program   0x00011c
.code_OBJECTS\usb_function_hid.o       code   0x00730c    program   0x0000e4
.romdata_OBJECTS\usb_descriptors.o    romdata   0x0073f0    program   0x0000c8
     .code_OBJECTS\Init.o       code   0x0074b8    program   0x0000be
               _cinit_scn       code   0x007576    program   0x00009e
    .code_OBJECTS\State.o       code   0x007614    program   0x000090
             .code_fabs.o       code   0x0076a4    program   0x000066
    .code_OBJECTS\Delay.o       code   0x00770a    program   0x00005e
              .code_sin.o       code   0x007768    program   0x000050
              .code_cos.o       code   0x0077b8    program   0x00004e
                   STDLIB       code   0x007806    program   0x00003c
                   STRING       code   0x007842    program   0x000034
         .code_fxd1616u.o       code   0x007876    program   0x00002c
                    .code       code   0x0078a2    program   0x000020
             _startup_scn       code   0x0078c2    program   0x00001c
           .code___init.o       code   0x0078de    program   0x000002
              SEED_DATA_i    romdata   0x0078e0    program   0x000002
           .idata_cos.o_i    romdata   0x0078e2    program   0x000000
          .romdata_fabs.o    romdata   0x0078e2    program   0x000000
          .idata_fabs.o_i    romdata   0x0078e2    program   0x000000
         .romdata_errno.o    romdata   0x0078e2    program   0x000000
         .idata_errno.o_i    romdata   0x0078e2    program   0x000000
         .romdata_c018i.o    romdata   0x0078e2    program   0x000000
      .romdata_UnpkMath.o    romdata   0x0078e2    program   0x000000
      .idata_UnpkMath.o_i    romdata   0x0078e2    program   0x000000
        .romdata_sincos.o    romdata   0x0078e2    program   0x000000
        .idata_sincos.o_i    romdata   0x0078e2    program   0x000000
        .romdata___init.o    romdata   0x0078e2    program   0x000000
           .romdata_cos.o    romdata   0x0078e2    program   0x000000
        .idata___init.o_i    romdata   0x0078e2    program   0x000000
.idata_OBJECTS\Usb_Task.o_i    romdata   0x0078e2    program   0x000004
.romdata_OBJECTS\Usb_Task.o    romdata   0x0078e2    program   0x000000
  .idata_OBJECTS\main.o_i    romdata   0x0078e2    program   0x000000
      .idata_fxd1616u.o_i    romdata   0x0078e2    program   0x000000
      .romdata_fxd1616u.o    romdata   0x0078e2    program   0x000000
         .idata_c018i.o_i    romdata   0x0078e2    program   0x000000
  .romdata_OBJECTS\Init.o    romdata   0x0078e2    program   0x000000
.romdata_OBJECTS\PCR_Task.o    romdata   0x0078e2    program   0x000000
.idata_OBJECTS\usb_descriptors.o_i    romdata   0x0078e2    program   0x000000
 .romdata_OBJECTS\Timer.o    romdata   0x0078e2    program   0x000000
.romdata_OBJECTS\usb_function_hid.o    romdata   0x0078e2    program   0x000000
           .romdata_sin.o    romdata   0x0078e2    program   0x000000
 .romdata_OBJECTS\Delay.o    romdata   0x0078e2    program   0x000000
           .idata_sin.o_i    romdata   0x0078e2    program   0x000000
.romdata_OBJECTS\GlobalTypeVars.o    romdata   0x0078e2    program   0x000000
.romdata_OBJECTS\Temp_Ctrl.o    romdata   0x0078e2    program   0x000000
.idata_OBJECTS\usb_function_hid.o_i    romdata   0x0078e2    program   0x000000
.romdata_OBJECTS\Temp_Sensor.o    romdata   0x0078e2    program   0x000000
.romdata_OBJECTS\usb_device.o    romdata   0x0078e2    program   0x000000
.idata_OBJECTS\usb_device.o_i    romdata   0x0078e2    program   0x000000
 .romdata_OBJECTS\State.o    romdata   0x0078e2    program   0x000000
  .romdata_OBJECTS\main.o    romdata   0x0078e2    program   0x000000
.romdata_OBJECTS\Pragma.o    romdata   0x0078e2    program   0x000000
 .idata_OBJECTS\Timer.o_i    romdata   0x0078e6    program   0x000003
.idata_OBJECTS\Temp_Sensor.o_i    romdata   0x0078e9    program   0x000004
.idata_OBJECTS\Temp_Table.o_i    romdata   0x0078e9    program   0x000000
.idata_OBJECTS\Temp_Ctrl.o_i    romdata   0x0078ed    program   0x000012
 .idata_OBJECTS\State.o_i    romdata   0x0078ff    program   0x000000
.idata_OBJECTS\PCR_Task.o_i    romdata   0x0078ff    program   0x000022
.idata_OBJECTS\Pragma.o_i    romdata   0x0078ff    program   0x000000
  .idata_OBJECTS\Init.o_i    romdata   0x007921    program   0x000000
.idata_OBJECTS\GlobalTypeVars.o_i    romdata   0x007921    program   0x000056
 .idata_OBJECTS\Delay.o_i    romdata   0x007977    program   0x000000
.code_OBJECTS\usb_descriptors.o       code   0x007978    program   0x000000
.code_OBJECTS\GlobalTypeVars.o       code   0x007978    program   0x000000
.code_OBJECTS\Temp_Table.o       code   0x007978    program   0x000000
   .code_OBJECTS\Pragma.o       code   0x007978    program   0x000000
            .code_errno.o       code   0x007978    program   0x000000
            .code_c018i.o       code   0x007978    program   0x000000
.config_300000_OBJECTS\Pragma.o    romdata   0x300000    program   0x000001
.config_300001_OBJECTS\Pragma.o    romdata   0x300001    program   0x000001
.config_300002_OBJECTS\Pragma.o    romdata   0x300002    program   0x000001
.config_300003_OBJECTS\Pragma.o    romdata   0x300003    program   0x000001
.config_300005_OBJECTS\Pragma.o    romdata   0x300005    program   0x000001
.config_300006_OBJECTS\Pragma.o    romdata   0x300006    program   0x000001
.config_300008_OBJECTS\Pragma.o    romdata   0x300008    program   0x000001
.config_300009_OBJECTS\Pragma.o    romdata   0x300009    program   0x000001
.config_30000a_OBJECTS\Pragma.o    romdata   0x30000a    program   0x000001
.config_30000b_OBJECTS\Pragma.o    romdata   0x30000b    program   0x000001
.config_30000c_OBJECTS\Pragma.o    romdata   0x30000c    program   0x000001
.config_30000d_OBJECTS\Pragma.o    romdata   0x30000d    program   0x000001
                 .tmpdata      udata   0x000000       data   0x000018
                MATH_DATA      udata   0x000018       data   0x000014
.idata_OBJECTS\GlobalTypeVars.o      idata   0x000060       data   0x000056
.udata_OBJECTS\GlobalTypeVars.o      udata   0x0000b6       data   0x000040
           .udata_c018i.o      udata   0x0000f6       data   0x00000a
.udata_OBJECTS\PCR_Task.o      udata   0x000100       data   0x0000b4
.udata_OBJECTS\usb_device.o      udata   0x0001b4       data   0x000026
.idata_OBJECTS\PCR_Task.o      idata   0x0001da       data   0x000022
.idata_OBJECTS\Usb_Task.o      idata   0x0001fc       data   0x000004
.idata_OBJECTS\Temp_Ctrl.o      idata   0x000200       data   0x000012
.idata_OBJECTS\Temp_Sensor.o      idata   0x000212       data   0x000004
   .idata_OBJECTS\Timer.o      idata   0x000216       data   0x000003
                SEED_DATA      idata   0x000219       data   0x000002
           .udata_errno.o      udata   0x00021b       data   0x000002
.udata_OBJECTS\usb_function_hid.o      udata   0x00021d       data   0x000002
.udata_OBJECTS\Usb_Task.o      udata   0x00021f       data   0x000002
  .idata_OBJECTS\Pragma.o      idata   0x000221       data   0x000000
        .udata_fxd1616u.o      udata   0x000221       data   0x000000
        .idata_fxd1616u.o      idata   0x000221       data   0x000000
          .udata___init.o      udata   0x000221       data   0x000000
          .idata___init.o      idata   0x000221       data   0x000000
             .idata_sin.o      idata   0x000221       data   0x000000
             .udata_sin.o      udata   0x000221       data   0x000000
             .udata_cos.o      udata   0x000221       data   0x000000
             .idata_cos.o      idata   0x000221       data   0x000000
          .udata_sincos.o      udata   0x000221       data   0x000000
            .idata_fabs.o      idata   0x000221       data   0x000000
          .idata_sincos.o      idata   0x000221       data   0x000000
        .udata_UnpkMath.o      udata   0x000221       data   0x000000
        .idata_UnpkMath.o      idata   0x000221       data   0x000000
           .idata_errno.o      idata   0x000221       data   0x000000
            .udata_fabs.o      udata   0x000221       data   0x000000
           .idata_c018i.o      idata   0x000221       data   0x000000
    .udata_OBJECTS\main.o      udata   0x000221       data   0x000000
    .idata_OBJECTS\main.o      idata   0x000221       data   0x000000
.idata_OBJECTS\usb_device.o      idata   0x000221       data   0x000000
.idata_OBJECTS\usb_function_hid.o      idata   0x000221       data   0x000000
.udata_OBJECTS\usb_descriptors.o      udata   0x000221       data   0x000000
.idata_OBJECTS\usb_descriptors.o      idata   0x000221       data   0x000000
    .udata_OBJECTS\Init.o      udata   0x000221       data   0x000000
    .idata_OBJECTS\Init.o      idata   0x000221       data   0x000000
   .udata_OBJECTS\Timer.o      udata   0x000221       data   0x000000
   .udata_OBJECTS\Delay.o      udata   0x000221       data   0x000000
   .idata_OBJECTS\Delay.o      idata   0x000221       data   0x000000
.udata_OBJECTS\Temp_Ctrl.o      udata   0x000221       data   0x000000
.udata_OBJECTS\Temp_Sensor.o      udata   0x000221       data   0x000000
.udata_OBJECTS\Temp_Table.o      udata   0x000221       data   0x000000
.idata_OBJECTS\Temp_Table.o      idata   0x000221       data   0x000000
   .udata_OBJECTS\State.o      udata   0x000221       data   0x000000
   .idata_OBJECTS\State.o      idata   0x000221       data   0x000000
  .udata_OBJECTS\Pragma.o      udata   0x000221       data   0x000000
                   .stack      udata   0x000300       data   0x000100
                  USB_BDT      udata   0x000400       data   0x000036
            USB_VARIABLES      udata   0x000500       data   0x000080
            SFR_UNBANKED0      udata   0x000f62       data   0x00009e



                              Program Memory Usage 
                               Start         End      
                           ---------   ---------      
                            0x000000    0x000005      
                            0x000008    0x00000d      
                            0x000018    0x00001d      
                            0x001000    0x001005      
                            0x001008    0x00100d      
                            0x001018    0x00101d      
                            0x00102a    0x007976      
                            0x300000    0x300003      
                            0x300005    0x300006      
                            0x300008    0x30000d      
            27005 out of 33048 program addresses used, program memory utilization is 81%



                              Symbols - Sorted by Name
                     Name    Address   Location    Storage File                     
                ---------  ---------  ---------  --------- ---------                
              Buffer_Copy   0x004ec4    program     extern C:\Users\Bioit\Desktop\Work_22\Duxcycler\Firmware\220720\RealTime-Duxcycler-firmware\PCR\PCR_Task.c
                Calc_Time   0x00516a    program     extern C:\Users\Bioit\Desktop\Work_22\Duxcycler\Firmware\220720\RealTime-Duxcycler-firmware\PCR\PCR_Task.c
              Check_State   0x005bf6    program     extern C:\Users\Bioit\Desktop\Work_22\Duxcycler\Firmware\220720\RealTime-Duxcycler-firmware\PCR\PCR_Task.c
             Convert_Temp   0x006970    program     extern C:\Users\Bioit\Desktop\Work_22\Duxcycler\Firmware\220720\RealTime-Duxcycler-firmware\PCR\Temp_Sensor.c
                    Delay   0x00770a    program     extern C:\Users\Bioit\Desktop\Work_22\Duxcycler\Firmware\220720\RealTime-Duxcycler-firmware\TOOLS\Delay.c
                 FLO0832S   0x005d5c    program     extern C:\MCC18\src\traditional\math\cast08FP.asm
                 FLO0832U   0x005d58    program     extern C:\MCC18\src\traditional\math\cast08FP.asm
                 FLO1632S   0x005d7e    program     extern C:\MCC18\src\traditional\math\cast16FP.asm
                 FLO1632U   0x005d7a    program     extern C:\MCC18\src\traditional\math\cast16FP.asm
                 FLO3232S   0x0062ea    program     extern C:\MCC18\src\traditional\math\cast32FP.asm
                 FLO3232U   0x0062e6    program     extern C:\MCC18\src\traditional\math\cast32FP.asm
                    FPA32   0x005da6    program     extern C:\MCC18\src\traditional\math\addFP.asm
                    FPD32   0x005ed2    program     extern C:\MCC18\src\traditional\math\divFP.asm
                    FPM32   0x005f78    program     extern C:\MCC18\src\traditional\math\mulFP.asm
                    FPS32   0x005da4    program     extern C:\MCC18\src\traditional\math\addFP.asm
                 FXD1616U   0x007876    program     extern C:\MCC18\src\traditional\math\fxd1616u.c
                 FXM1616U   0x00638a    program     extern C:\MCC18\src\traditional\math\fxm1616u.asm
          Find_PID_Params   0x005720    program     extern C:\Users\Bioit\Desktop\Work_22\Duxcycler\Firmware\220720\RealTime-Duxcycler-firmware\PCR\PCR_Task.c
        Get_Action_Number   0x005b3e    program     extern C:\Users\Bioit\Desktop\Work_22\Duxcycler\Firmware\220720\RealTime-Duxcycler-firmware\PCR\PCR_Task.c
  Get_ChamberFan_Duration   0x001a42    program     extern C:\Users\Bioit\Desktop\Work_22\Duxcycler\Firmware\220720\RealTime-Duxcycler-firmware\PCR\Temp_Ctrl.c
     Get_Chamber_Duration   0x00260c    program     extern C:\Users\Bioit\Desktop\Work_22\Duxcycler\Firmware\220720\RealTime-Duxcycler-firmware\PCR\Temp_Ctrl.c
      Get_Heater_Duration   0x001f78    program     extern C:\Users\Bioit\Desktop\Work_22\Duxcycler\Firmware\220720\RealTime-Duxcycler-firmware\PCR\Temp_Ctrl.c
   Get_SystemFan_Duration   0x001cfc    program     extern C:\Users\Bioit\Desktop\Work_22\Duxcycler\Firmware\220720\RealTime-Duxcycler-firmware\PCR\Temp_Ctrl.c
                 High_ISR   0x000008    program     extern C:\Users\Bioit\Desktop\Work_22\Duxcycler\Firmware\220720\RealTime-Duxcycler-firmware\CONFIG\BootLoader.h
                  INT3208   0x006052    program     extern C:\MCC18\src\traditional\math\castFP08.asm
                  INT3216   0x0060a0    program     extern C:\MCC18\src\traditional\math\castFP16.asm
                  INT3232   0x00631c    program     extern C:\MCC18\src\traditional\math\castFP32.asm
                     Init   0x0074b8    program     extern C:\Users\Bioit\Desktop\Work_22\Duxcycler\Firmware\220720\RealTime-Duxcycler-firmware\CONFIG\Init.c
        Init_Temp_Control   0x001080    program     extern C:\Users\Bioit\Desktop\Work_22\Duxcycler\Firmware\220720\RealTime-Duxcycler-firmware\PCR\Temp_Ctrl.c
         InitializeDevice   0x0074cc    program     extern C:\Users\Bioit\Desktop\Work_22\Duxcycler\Firmware\220720\RealTime-Duxcycler-firmware\CONFIG\Init.c
         InitializeSystem   0x0074c6    program     extern C:\Users\Bioit\Desktop\Work_22\Duxcycler\Firmware\220720\RealTime-Duxcycler-firmware\CONFIG\Init.c
           InitializeUser   0x00752c    program     extern C:\Users\Bioit\Desktop\Work_22\Duxcycler\Firmware\220720\RealTime-Duxcycler-firmware\CONFIG\Init.c
          Jump_Bootloader   0x006e30    program     extern C:\Users\Bioit\Desktop\Work_22\Duxcycler\Firmware\220720\RealTime-Duxcycler-firmware\PCR\Usb_Task.c
                  Low_ISR   0x000018    program     extern C:\Users\Bioit\Desktop\Work_22\Duxcycler\Firmware\220720\RealTime-Duxcycler-firmware\CONFIG\BootLoader.h
               MainLooper   0x007566    program     extern C:\Users\Bioit\Desktop\Work_22\Duxcycler\Firmware\220720\RealTime-Duxcycler-firmware\CONFIG\Init.c
        NTC_CHAMBER_TABLE   0x003ea6    program     extern C:\Users\Bioit\Desktop\Work_22\Duxcycler\Firmware\220720\RealTime-Duxcycler-firmware\PCR\Temp_Table.c
         NTC_HEATER_TABLE   0x0046a6    program     extern C:\Users\Bioit\Desktop\Work_22\Duxcycler\Firmware\220720\RealTime-Duxcycler-firmware\PCR\Temp_Table.c
                  PCR_End   0x005642    program     extern C:\Users\Bioit\Desktop\Work_22\Duxcycler\Firmware\220720\RealTime-Duxcycler-firmware\PCR\PCR_Task.c
                 PCR_Task   0x004ea6    program     extern C:\Users\Bioit\Desktop\Work_22\Duxcycler\Firmware\220720\RealTime-Duxcycler-firmware\PCR\PCR_Task.c
             Post_Process   0x005c4c    program     extern C:\Users\Bioit\Desktop\Work_22\Duxcycler\Firmware\220720\RealTime-Duxcycler-firmware\PCR\PCR_Task.c
              Pre_Process   0x004f54    program     extern C:\Users\Bioit\Desktop\Work_22\Duxcycler\Firmware\220720\RealTime-Duxcycler-firmware\PCR\PCR_Task.c
            Process_Error   0x00768c    program     extern C:\Users\Bioit\Desktop\Work_22\Duxcycler\Firmware\220720\RealTime-Duxcycler-firmware\PCR\State.c
           Process_PCREnd   0x00766e    program     extern C:\Users\Bioit\Desktop\Work_22\Duxcycler\Firmware\220720\RealTime-Duxcycler-firmware\PCR\State.c
       Process_ParamWrite   0x007694    program     extern C:\Users\Bioit\Desktop\Work_22\Duxcycler\Firmware\220720\RealTime-Duxcycler-firmware\PCR\State.c
            Process_Ready   0x007614    program     extern C:\Users\Bioit\Desktop\Work_22\Duxcycler\Firmware\220720\RealTime-Duxcycler-firmware\PCR\State.c
              Process_Run   0x00765e    program     extern C:\Users\Bioit\Desktop\Work_22\Duxcycler\Firmware\220720\RealTime-Duxcycler-firmware\PCR\State.c
             Process_Stop   0x007676    program     extern C:\Users\Bioit\Desktop\Work_22\Duxcycler\Firmware\220720\RealTime-Duxcycler-firmware\PCR\State.c
        Process_TaskWrite   0x00767c    program     extern C:\Users\Bioit\Desktop\Work_22\Duxcycler\Firmware\220720\RealTime-Duxcycler-firmware\PCR\State.c
                Read_Temp   0x006c7c    program     extern C:\Users\Bioit\Desktop\Work_22\Duxcycler\Firmware\220720\RealTime-Duxcycler-firmware\PCR\Temp_Sensor.c
        Remapped_High_ISR   0x001008    program     extern C:\Users\Bioit\Desktop\Work_22\Duxcycler\Firmware\220720\RealTime-Duxcycler-firmware\CONFIG\BootLoader.h
         Remapped_Low_ISR   0x001018    program     extern C:\Users\Bioit\Desktop\Work_22\Duxcycler\Firmware\220720\RealTime-Duxcycler-firmware\CONFIG\BootLoader.h
         Reset_All_Values   0x005684    program     extern C:\Users\Bioit\Desktop\Work_22\Duxcycler\Firmware\220720\RealTime-Duxcycler-firmware\PCR\PCR_Task.c
  Set_ChamberFan_Duration   0x001b56    program     extern C:\Users\Bioit\Desktop\Work_22\Duxcycler\Firmware\220720\RealTime-Duxcycler-firmware\PCR\Temp_Ctrl.c
     Set_Chamber_Duration   0x002b94    program     extern C:\Users\Bioit\Desktop\Work_22\Duxcycler\Firmware\220720\RealTime-Duxcycler-firmware\PCR\Temp_Ctrl.c
      Set_Heater_Duration   0x002490    program     extern C:\Users\Bioit\Desktop\Work_22\Duxcycler\Firmware\220720\RealTime-Duxcycler-firmware\PCR\Temp_Ctrl.c
   Set_SystemFan_Duration   0x001de6    program     extern C:\Users\Bioit\Desktop\Work_22\Duxcycler\Firmware\220720\RealTime-Duxcycler-firmware\PCR\Temp_Ctrl.c
                  TAEQB32   0x0060fe    program     extern C:\MCC18\src\traditional\math\eqFP.asm
                  TAGTB32   0x00610c    program     extern C:\MCC18\src\traditional\math\gtFP.asm
                  TALTB32   0x00611e    program     extern C:\MCC18\src\traditional\math\ltFP.asm
               TIMR0_init   0x0070b0    program     extern C:\Users\Bioit\Desktop\Work_22\Duxcycler\Firmware\220720\RealTime-Duxcycler-firmware\PCR\Timer.c
               TIMR1_init   0x0070ce    program     extern C:\Users\Bioit\Desktop\Work_22\Duxcycler\Firmware\220720\RealTime-Duxcycler-firmware\PCR\Timer.c
             Task_Control   0x0053a2    program     extern C:\Users\Bioit\Desktop\Work_22\Duxcycler\Firmware\220720\RealTime-Duxcycler-firmware\PCR\PCR_Task.c
                Task_Read   0x005106    program     extern C:\Users\Bioit\Desktop\Work_22\Duxcycler\Firmware\220720\RealTime-Duxcycler-firmware\PCR\PCR_Task.c
               Task_Write   0x004fcc    program     extern C:\Users\Bioit\Desktop\Work_22\Duxcycler\Firmware\220720\RealTime-Duxcycler-firmware\PCR\PCR_Task.c
             Temp_Control   0x0010d8    program     extern C:\Users\Bioit\Desktop\Work_22\Duxcycler\Firmware\220720\RealTime-Duxcycler-firmware\PCR\Temp_Ctrl.c
          Temp_ErrorCheck   0x00181e    program     extern C:\Users\Bioit\Desktop\Work_22\Duxcycler\Firmware\220720\RealTime-Duxcycler-firmware\PCR\Temp_Ctrl.c
         Temp_Run_Routine   0x0011ca    program     extern C:\Users\Bioit\Desktop\Work_22\Duxcycler\Firmware\220720\RealTime-Duxcycler-firmware\PCR\Temp_Ctrl.c
       USBCBCheckOtherReq   0x006e70    program     extern C:\Users\Bioit\Desktop\Work_22\Duxcycler\Firmware\220720\RealTime-Duxcycler-firmware\PCR\Usb_Task.c
        USBCBErrorHandler   0x006e6e    program     extern C:\Users\Bioit\Desktop\Work_22\Duxcycler\Firmware\220720\RealTime-Duxcycler-firmware\PCR\Usb_Task.c
              USBCBInitEP   0x006e76    program     extern C:\Users\Bioit\Desktop\Work_22\Duxcycler\Firmware\220720\RealTime-Duxcycler-firmware\PCR\Usb_Task.c
          USBCBSendResume   0x006eae    program     extern C:\Users\Bioit\Desktop\Work_22\Duxcycler\Firmware\220720\RealTime-Duxcycler-firmware\PCR\Usb_Task.c
    USBCBStdSetDscHandler   0x006e74    program     extern C:\Users\Bioit\Desktop\Work_22\Duxcycler\Firmware\220720\RealTime-Duxcycler-firmware\PCR\Usb_Task.c
             USBCBSuspend   0x006e68    program     extern C:\Users\Bioit\Desktop\Work_22\Duxcycler\Firmware\220720\RealTime-Duxcycler-firmware\PCR\Usb_Task.c
     USBCBWakeFromSuspend   0x006e6a    program     extern C:\Users\Bioit\Desktop\Work_22\Duxcycler\Firmware\220720\RealTime-Duxcycler-firmware\PCR\Usb_Task.c
        USBCB_SOF_Handler   0x006e6c    program     extern C:\Users\Bioit\Desktop\Work_22\Duxcycler\Firmware\220720\RealTime-Duxcycler-firmware\PCR\Usb_Task.c
              USBCancelIO   0x003dba    program     extern C:\Users\Bioit\Desktop\Work_22\Duxcycler\Firmware\220720\RealTime-Duxcycler-firmware\USB\usb_device.c
       USBCheckHIDRequest   0x00730c    program     extern C:\Users\Bioit\Desktop\Work_22\Duxcycler\Firmware\220720\RealTime-Duxcycler-firmware\USB\usb_function_hid.c
       USBCheckStdRequest   0x0032e2    program     extern C:\Users\Bioit\Desktop\Work_22\Duxcycler\Firmware\220720\RealTime-Duxcycler-firmware\USB\usb_device.c
     USBConfigureEndpoint   0x003aa8    program     extern C:\Users\Bioit\Desktop\Work_22\Duxcycler\Firmware\220720\RealTime-Duxcycler-firmware\USB\usb_device.c
         USBCtrlEPService   0x003076    program     extern C:\Users\Bioit\Desktop\Work_22\Duxcycler\Firmware\220720\RealTime-Duxcycler-firmware\USB\usb_device.c
 USBCtrlEPServiceComplete   0x00363a    program     extern C:\Users\Bioit\Desktop\Work_22\Duxcycler\Firmware\220720\RealTime-Duxcycler-firmware\USB\usb_device.c
      USBCtrlTrfInHandler   0x0031e2    program     extern C:\Users\Bioit\Desktop\Work_22\Duxcycler\Firmware\220720\RealTime-Duxcycler-firmware\USB\usb_device.c
     USBCtrlTrfOutHandler   0x003196    program     extern C:\Users\Bioit\Desktop\Work_22\Duxcycler\Firmware\220720\RealTime-Duxcycler-firmware\USB\usb_device.c
      USBCtrlTrfRxService   0x0038fa    program     extern C:\Users\Bioit\Desktop\Work_22\Duxcycler\Firmware\220720\RealTime-Duxcycler-firmware\USB\usb_device.c
   USBCtrlTrfSetupHandler   0x003150    program     extern C:\Users\Bioit\Desktop\Work_22\Duxcycler\Firmware\220720\RealTime-Duxcycler-firmware\USB\usb_device.c
      USBCtrlTrfTxService   0x0037e4    program     extern C:\Users\Bioit\Desktop\Work_22\Duxcycler\Firmware\220720\RealTime-Duxcycler-firmware\USB\usb_device.c
          USBDeviceAttach   0x003e78    program     extern C:\Users\Bioit\Desktop\Work_22\Duxcycler\Firmware\220720\RealTime-Duxcycler-firmware\USB\usb_device.c
          USBDeviceDetach   0x003e6a    program     extern C:\Users\Bioit\Desktop\Work_22\Duxcycler\Firmware\220720\RealTime-Duxcycler-firmware\USB\usb_device.c
            USBDeviceInit   0x002e18    program     extern C:\Users\Bioit\Desktop\Work_22\Duxcycler\Firmware\220720\RealTime-Duxcycler-firmware\USB\usb_device.c
           USBDeviceTasks   0x002eb4    program     extern C:\Users\Bioit\Desktop\Work_22\Duxcycler\Firmware\220720\RealTime-Duxcycler-firmware\USB\usb_device.c
        USBEnableEndpoint   0x003b7c    program     extern C:\Users\Bioit\Desktop\Work_22\Duxcycler\Firmware\220720\RealTime-Duxcycler-firmware\USB\usb_device.c
USBPrepareForNextSetupTrf   0x00327c    program     extern C:\Users\Bioit\Desktop\Work_22\Duxcycler\Firmware\220720\RealTime-Duxcycler-firmware\USB\usb_device.c
         USBStallEndpoint   0x003be8    program     extern C:\Users\Bioit\Desktop\Work_22\Duxcycler\Firmware\220720\RealTime-Duxcycler-firmware\USB\usb_device.c
          USBStallHandler   0x002ff6    program     extern C:\Users\Bioit\Desktop\Work_22\Duxcycler\Firmware\220720\RealTime-Duxcycler-firmware\USB\usb_device.c
  USBStdFeatureReqHandler   0x0033aa    program     extern C:\Users\Bioit\Desktop\Work_22\Duxcycler\Firmware\220720\RealTime-Duxcycler-firmware\USB\usb_device.c
      USBStdGetDscHandler   0x0034c4    program     extern C:\Users\Bioit\Desktop\Work_22\Duxcycler\Firmware\220720\RealTime-Duxcycler-firmware\USB\usb_device.c
   USBStdGetStatusHandler   0x003578    program     extern C:\Users\Bioit\Desktop\Work_22\Duxcycler\Firmware\220720\RealTime-Duxcycler-firmware\USB\usb_device.c
      USBStdSetCfgHandler   0x003a36    program     extern C:\Users\Bioit\Desktop\Work_22\Duxcycler\Firmware\220720\RealTime-Duxcycler-firmware\USB\usb_device.c
               USBSuspend   0x003028    program     extern C:\Users\Bioit\Desktop\Work_22\Duxcycler\Firmware\220720\RealTime-Duxcycler-firmware\USB\usb_device.c
     USBTransferOnePacket   0x003cc8    program     extern C:\Users\Bioit\Desktop\Work_22\Duxcycler\Firmware\220720\RealTime-Duxcycler-firmware\USB\usb_device.c
       USBWakeFromSuspend   0x00304c    program     extern C:\Users\Bioit\Desktop\Work_22\Duxcycler\Firmware\220720\RealTime-Duxcycler-firmware\USB\usb_device.c
               USB_CD_Ptr   0x0074ae    program     extern C:\Users\Bioit\Desktop\Work_22\Duxcycler\Firmware\220720\RealTime-Duxcycler-firmware\USB\usb_descriptors.c
               USB_SD_Ptr   0x0074b0    program     extern C:\Users\Bioit\Desktop\Work_22\Duxcycler\Firmware\220720\RealTime-Duxcycler-firmware\USB\usb_descriptors.c
                 USB_Task   0x006d7e    program     extern C:\Users\Bioit\Desktop\Work_22\Duxcycler\Firmware\220720\RealTime-Duxcycler-firmware\PCR\Usb_Task.c
USER_USB_CALLBACK_EVENT_HANDLER   0x006eca    program     extern C:\Users\Bioit\Desktop\Work_22\Duxcycler\Firmware\220720\RealTime-Duxcycler-firmware\PCR\Usb_Task.c
  YourHighPriorityISRCode   0x006f60    program     extern C:\Users\Bioit\Desktop\Work_22\Duxcycler\Firmware\220720\RealTime-Duxcycler-firmware\CONFIG\BootLoader.h
   YourLowPriorityISRCode   0x006ffa    program     extern C:\Users\Bioit\Desktop\Work_22\Duxcycler\Firmware\220720\RealTime-Duxcycler-firmware\CONFIG\BootLoader.h
              _2jContinue   0x007862    program     static C:\MCC18\src\traditional\stdclib\memset.asm
                   _3jEnd   0x00786c    program     static C:\MCC18\src\traditional\stdclib\memset.asm
                _UnpkMath   0x0071f0    program     extern C:\MCC18\src\traditional\stdclib\UnpkMath.c
              __FpCompare   0x006130    program     extern C:\MCC18\src\traditional\math\compFP.asm
                 __FpExit   0x0061e6    program     extern C:\MCC18\src\traditional\math\packFP.asm
                 __FpPack   0x006212    program     extern C:\MCC18\src\traditional\math\packFP.asm
            __FpReturnNaN   0x0061da    program     extern C:\MCC18\src\traditional\math\packFP.asm
         __FpReturnNegInf   0x0061ec    program     extern C:\MCC18\src\traditional\math\packFP.asm
        __FpReturnNegZero   0x006204    program     extern C:\MCC18\src\traditional\math\packFP.asm
         __FpReturnPosInf   0x0061f2    program     extern C:\MCC18\src\traditional\math\packFP.asm
        __FpReturnPosZero   0x00620c    program     extern C:\MCC18\src\traditional\math\packFP.asm
        __FpReturnSignInf   0x0061e8    program     extern C:\MCC18\src\traditional\math\packFP.asm
       __FpReturnSignZero   0x006200    program     extern C:\MCC18\src\traditional\math\packFP.asm
              __FpReturnW   0x00626a    program     extern C:\MCC18\src\traditional\math\packFP.asm
              __FpUnPackA   0x00628a    program     extern C:\MCC18\src\traditional\math\UnpackFP.asm
              __FpUnPackB   0x0062ba    program     extern C:\MCC18\src\traditional\math\UnpackFP.asm
      ___case_-1_lbl00030   0x006f4a    program     static                          
     ___case_114_lbl00031   0x006f4e    program     static                          
     ___case_115_lbl00027   0x006f3e    program     static                          
     ___case_116_lbl00029   0x006f46    program     static                          
     ___case_117_lbl00028   0x006f42    program     static                          
       ___case_1_lbl00024   0x006f32    program     static                          
       ___case_2_lbl00025   0x006f36    program     static                          
       ___case_3_lbl00026   0x006f3a    program     static                          
      ___default_lbl00032   0x006f52    program     static                          
           ___if_lbl00010   0x006e60    program     static                          
       ___return_lbl00000   0x0078a0    program     static                          
       ___return_lbl00000   0x001004    program     static                          
       ___return_lbl00000   0x000004    program     static                          
       ___return_lbl00001   0x0078dc    program     static                          
       ___return_lbl00001   0x00100c    program     static                          
       ___return_lbl00002   0x007612    program     static                          
       ___return_lbl00002   0x00101c    program     static                          
       ___return_lbl00003   0x00000c    program     static                          
       ___return_lbl00004   0x00001c    program     static                          
       ___return_lbl00009   0x006e60    program     static                          
       ___return_lbl00022   0x006f58    program     static                          
   ___switchexit_lbl00023   0x006f54    program     static                          
               __config_0   0x300000    program     static C:\Users\Bioit\Desktop\Work_22\Duxcycler\Firmware\220720\RealTime-Duxcycler-firmware\CONFIG\Pragma.c
               __config_1   0x300001    program     static C:\Users\Bioit\Desktop\Work_22\Duxcycler\Firmware\220720\RealTime-Duxcycler-firmware\CONFIG\Pragma.c
              __config_10   0x30000c    program     static C:\Users\Bioit\Desktop\Work_22\Duxcycler\Firmware\220720\RealTime-Duxcycler-firmware\CONFIG\Pragma.c
              __config_11   0x30000d    program     static C:\Users\Bioit\Desktop\Work_22\Duxcycler\Firmware\220720\RealTime-Duxcycler-firmware\CONFIG\Pragma.c
               __config_2   0x300002    program     static C:\Users\Bioit\Desktop\Work_22\Duxcycler\Firmware\220720\RealTime-Duxcycler-firmware\CONFIG\Pragma.c
               __config_3   0x300003    program     static C:\Users\Bioit\Desktop\Work_22\Duxcycler\Firmware\220720\RealTime-Duxcycler-firmware\CONFIG\Pragma.c
               __config_4   0x300005    program     static C:\Users\Bioit\Desktop\Work_22\Duxcycler\Firmware\220720\RealTime-Duxcycler-firmware\CONFIG\Pragma.c
               __config_5   0x300006    program     static C:\Users\Bioit\Desktop\Work_22\Duxcycler\Firmware\220720\RealTime-Duxcycler-firmware\CONFIG\Pragma.c
               __config_6   0x300008    program     static C:\Users\Bioit\Desktop\Work_22\Duxcycler\Firmware\220720\RealTime-Duxcycler-firmware\CONFIG\Pragma.c
               __config_7   0x300009    program     static C:\Users\Bioit\Desktop\Work_22\Duxcycler\Firmware\220720\RealTime-Duxcycler-firmware\CONFIG\Pragma.c
               __config_8   0x30000a    program     static C:\Users\Bioit\Desktop\Work_22\Duxcycler\Firmware\220720\RealTime-Duxcycler-firmware\CONFIG\Pragma.c
               __config_9   0x30000b    program     static C:\Users\Bioit\Desktop\Work_22\Duxcycler\Firmware\220720\RealTime-Duxcycler-firmware\CONFIG\Pragma.c
                   __init   0x0078de    program     extern C:\MCC18\src\traditional\stdclib\__init.c
                   __pa_0   0x0072fe    program     static C:\MCC18\src\traditional\stdclib\UnpkMath.c
                   __pa_0   0x0067b4    program     static C:\MCC18\src\traditional\stdclib\sincos.c
                   __pa_1   0x0067cc    program     static C:\MCC18\src\traditional\stdclib\sincos.c
                  __pa_10   0x006888    program     static C:\MCC18\src\traditional\stdclib\sincos.c
                  __pa_11   0x00689a    program     static C:\MCC18\src\traditional\stdclib\sincos.c
                  __pa_12   0x0068a8    program     static C:\MCC18\src\traditional\stdclib\sincos.c
                  __pa_13   0x0068ae    program     static C:\MCC18\src\traditional\stdclib\sincos.c
                  __pa_14   0x0068c8    program     static C:\MCC18\src\traditional\stdclib\sincos.c
                  __pa_15   0x0068da    program     static C:\MCC18\src\traditional\stdclib\sincos.c
                  __pa_16   0x0068fe    program     static C:\MCC18\src\traditional\stdclib\sincos.c
                  __pa_17   0x006910    program     static C:\MCC18\src\traditional\stdclib\sincos.c
                  __pa_18   0x00691e    program     static C:\MCC18\src\traditional\stdclib\sincos.c
                  __pa_19   0x006930    program     static C:\MCC18\src\traditional\stdclib\sincos.c
                   __pa_2   0x0067e8    program     static C:\MCC18\src\traditional\stdclib\sincos.c
                  __pa_20   0x006940    program     static C:\MCC18\src\traditional\stdclib\sincos.c
                  __pa_21   0x00694c    program     static C:\MCC18\src\traditional\stdclib\sincos.c
                  __pa_22   0x006956    program     static C:\MCC18\src\traditional\stdclib\sincos.c
                  __pa_23   0x00695e    program     static C:\MCC18\src\traditional\stdclib\sincos.c
                  __pa_24   0x006964    program     static C:\MCC18\src\traditional\stdclib\sincos.c
                   __pa_3   0x006802    program     static C:\MCC18\src\traditional\stdclib\sincos.c
                   __pa_4   0x00680c    program     static C:\MCC18\src\traditional\stdclib\sincos.c
                   __pa_5   0x006822    program     static C:\MCC18\src\traditional\stdclib\sincos.c
                   __pa_6   0x006838    program     static C:\MCC18\src\traditional\stdclib\sincos.c
                   __pa_7   0x00684a    program     static C:\MCC18\src\traditional\stdclib\sincos.c
                   __pa_8   0x006864    program     static C:\MCC18\src\traditional\stdclib\sincos.c
                   __pa_9   0x00687e    program     static C:\MCC18\src\traditional\stdclib\sincos.c
               __tmplbl_2   0x006ee6    program     static                          
               __tmplbl_3   0x006ef2    program     static                          
               __tmplbl_4   0x006efc    program     static                          
               __tmplbl_5   0x006f06    program     static                          
               __tmplbl_6   0x006f10    program     static                          
               __tmplbl_7   0x006f1a    program     static                          
               __tmplbl_8   0x006f24    program     static                          
               __tmplbl_9   0x006f2e    program     static                          
            __zero_memory   0x0078a2    program     extern C:\MCC18\src\traditional\proc\p18F4550.asm
                _do_cinit   0x007576    program     extern C:\MCC18\src\traditional\startup\c018i.c
                   _entry   0x000000    program     extern C:\MCC18\src\traditional\startup\c018i.c
                   _reset   0x001000    program     extern C:\Users\Bioit\Desktop\Work_22\Duxcycler\Firmware\220720\RealTime-Duxcycler-firmware\CONFIG\BootLoader.h
                  _sincos   0x0063c6    program     extern C:\MCC18\src\traditional\stdclib\sincos.c
                 _startup   0x0078c2    program     extern C:\MCC18\src\traditional\startup\c018i.c
                compare_l   0x0078b8    program     static C:\MCC18\src\traditional\proc\p18F4550.asm
        configDescriptor1   0x007402    program     extern C:\Users\Bioit\Desktop\Work_22\Duxcycler\Firmware\220720\RealTime-Duxcycler-firmware\USB\usb_descriptors.c
                copy_loop   0x0075e8    program     static                          
            copy_one_byte   0x0075ee    program     static                          
                      cos   0x0077b8    program     extern C:\MCC18\src\traditional\stdclib\cos.c
               device_dsc   0x0073f0    program     extern C:\Users\Bioit\Desktop\Work_22\Duxcycler\Firmware\220720\RealTime-Duxcycler-firmware\USB\usb_descriptors.c
                     done   0x007612    program     static                          
             done_copying   0x0075fc    program     static                          
                  endloop   0x00789c    program     static                          
                     fabs   0x0076a4    program     extern C:\MCC18\src\traditional\stdclib\fabs.c
                hid_rpt01   0x007491    program     extern C:\Users\Bioit\Desktop\Work_22\Duxcycler\Firmware\220720\RealTime-Duxcycler-firmware\USB\usb_descriptors.c
                 jANotInf   0x005f96    program     static C:\MCC18\src\traditional\math\mulFP.asm
                 jANotInf   0x005ef0    program     static C:\MCC18\src\traditional\math\divFP.asm
                 jANotInf   0x005dce    program     static C:\MCC18\src\traditional\math\addFP.asm
                 jANotNeg   0x005e62    program     static C:\MCC18\src\traditional\math\addFP.asm
                jANotZero   0x005f04    program     static C:\MCC18\src\traditional\math\divFP.asm
              jAandWsetup   0x005e32    program     static C:\MCC18\src\traditional\math\addFP.asm
                  jAisNeg   0x0061ac    program     static C:\MCC18\src\traditional\math\compFP.asm
                 jAltBexp   0x005e20    program     static C:\MCC18\src\traditional\math\addFP.asm
                jBANotInf   0x005dc4    program     static C:\MCC18\src\traditional\math\addFP.asm
                 jBNotInf   0x005ddc    program     static C:\MCC18\src\traditional\math\addFP.asm
              jBothFinite   0x005fa4    program     static C:\MCC18\src\traditional\math\mulFP.asm
             jBothNotZero   0x00614e    program     static C:\MCC18\src\traditional\math\compFP.asm
             jBothNotZero   0x005fb0    program     static C:\MCC18\src\traditional\math\mulFP.asm
            jDifOrPosSign   0x005df0    program     static C:\MCC18\src\traditional\math\addFP.asm
                      jEQ   0x00616a    program     static C:\MCC18\src\traditional\math\compFP.asm
                     jEnd   0x007874    program     static C:\MCC18\src\traditional\stdclib\memset.asm
                    jExch   0x006176    program     static C:\MCC18\src\traditional\math\compFP.asm
                    jExit   0x00609e    program     static C:\MCC18\src\traditional\math\castFP08.asm
                    jExit   0x006388    program     static C:\MCC18\src\traditional\math\castFP32.asm
                    jExit   0x0060fc    program     static C:\MCC18\src\traditional\math\castFP16.asm
                   jExpEQ   0x0061bc    program     static C:\MCC18\src\traditional\math\compFP.asm
                   jFinal   0x0061a0    program     static C:\MCC18\src\traditional\math\compFP.asm
               jFinalSign   0x005eca    program     static C:\MCC18\src\traditional\math\addFP.asm
                jHaveZero   0x005fac    program     static C:\MCC18\src\traditional\math\mulFP.asm
                jI2F08Beg   0x005d66    program     static C:\MCC18\src\traditional\math\cast08FP.asm
                jI2F16Beg   0x005d8e    program     static C:\MCC18\src\traditional\math\cast16FP.asm
                jI2F32Beg   0x006302    program     static C:\MCC18\src\traditional\math\cast32FP.asm
                    jLoop   0x005f2c    program     static C:\MCC18\src\traditional\math\divFP.asm
                    jLoop   0x0060dc    program     static C:\MCC18\src\traditional\math\castFP16.asm
                    jLoop   0x006086    program     static C:\MCC18\src\traditional\math\castFP08.asm
                    jLoop   0x007856    program     static C:\MCC18\src\traditional\stdclib\memset.asm
                    jLoop   0x00635c    program     static C:\MCC18\src\traditional\math\castFP32.asm
                jLoopExit   0x0060ec    program     static C:\MCC18\src\traditional\math\castFP16.asm
                jLoopExit   0x006094    program     static C:\MCC18\src\traditional\math\castFP08.asm
                jLoopExit   0x006370    program     static C:\MCC18\src\traditional\math\castFP32.asm
                     jMax   0x006062    program     static C:\MCC18\src\traditional\math\castFP08.asm
                     jMax   0x00632c    program     static C:\MCC18\src\traditional\math\castFP32.asm
                     jMax   0x0060b0    program     static C:\MCC18\src\traditional\math\castFP16.asm
                  jMaxNeg   0x0060be    program     static C:\MCC18\src\traditional\math\castFP16.asm
                  jMaxNeg   0x00606c    program     static C:\MCC18\src\traditional\math\castFP08.asm
                  jMaxNeg   0x00633e    program     static C:\MCC18\src\traditional\math\castFP32.asm
                  jMaxPos   0x006066    program     static C:\MCC18\src\traditional\math\castFP08.asm
                  jMaxPos   0x0060b4    program     static C:\MCC18\src\traditional\math\castFP16.asm
                  jMaxPos   0x006330    program     static C:\MCC18\src\traditional\math\castFP32.asm
                      jNE   0x00616e    program     static C:\MCC18\src\traditional\math\compFP.asm
                    jNext   0x005f52    program     static C:\MCC18\src\traditional\math\divFP.asm
                jNoAdjust   0x005f50    program     static C:\MCC18\src\traditional\math\divFP.asm
                  jNoExch   0x006196    program     static C:\MCC18\src\traditional\math\compFP.asm
             jNotBothZero   0x005df4    program     static C:\MCC18\src\traditional\math\addFP.asm
                  jNotInf   0x00634a    program     static C:\MCC18\src\traditional\math\castFP32.asm
                  jNotInf   0x006076    program     static C:\MCC18\src\traditional\math\castFP08.asm
                  jNotInf   0x0060cc    program     static C:\MCC18\src\traditional\math\castFP16.asm
                  jPkLoop   0x006220    program     static C:\MCC18\src\traditional\math\packFP.asm
             jPkRoundDone   0x00626a    program     static C:\MCC18\src\traditional\math\packFP.asm
               jPkRoundIt   0x006252    program     static C:\MCC18\src\traditional\math\packFP.asm
             jPkShiftDone   0x00623c    program     static C:\MCC18\src\traditional\math\packFP.asm
           jReturnPosInf0   0x0061f6    program     static C:\MCC18\src\traditional\math\packFP.asm
                  jRotate   0x0061c8    program     static C:\MCC18\src\traditional\math\compFP.asm
                   jShift   0x0061b2    program     static C:\MCC18\src\traditional\math\compFP.asm
               jShiftDone   0x005e8a    program     static C:\MCC18\src\traditional\math\addFP.asm
               jShiftLoop   0x005e7c    program     static C:\MCC18\src\traditional\math\addFP.asm
                jSignDone   0x005eba    program     static C:\MCC18\src\traditional\math\addFP.asm
              jSignedZero   0x005efa    program     static C:\MCC18\src\traditional\math\divFP.asm
                 jSignsEQ   0x006152    program     static C:\MCC18\src\traditional\math\compFP.asm
                  jUnpkA1   0x006294    program     static C:\MCC18\src\traditional\math\UnpackFP.asm
                  jUnpkA2   0x0062ac    program     static C:\MCC18\src\traditional\math\UnpackFP.asm
                 jUnpkANZ   0x0062a2    program     static C:\MCC18\src\traditional\math\UnpackFP.asm
                  jUnpkB1   0x0062c4    program     static C:\MCC18\src\traditional\math\UnpackFP.asm
                  jUnpkB2   0x0062dc    program     static C:\MCC18\src\traditional\math\UnpackFP.asm
                 jUnpkBNZ   0x0062d2    program     static C:\MCC18\src\traditional\math\UnpackFP.asm
                 jUnpkNaN   0x0062b6    program     static C:\MCC18\src\traditional\math\UnpackFP.asm
                 jWNotNeg   0x005e76    program     static C:\MCC18\src\traditional\math\addFP.asm
                   jWr123   0x006336    program     static C:\MCC18\src\traditional\math\castFP32.asm
                  jWrZ123   0x006346    program     static C:\MCC18\src\traditional\math\castFP32.asm
                    jZero   0x0060c6    program     static C:\MCC18\src\traditional\math\castFP16.asm
                    jZero   0x006344    program     static C:\MCC18\src\traditional\math\castFP32.asm
                    jZero   0x006072    program     static C:\MCC18\src\traditional\math\castFP08.asm
               jZero1and2   0x0061fa    program     static C:\MCC18\src\traditional\math\packFP.asm
                     loop   0x0078d2    program     static                          
                     loop   0x007880    program     static                          
                   loop_h   0x0078b0    program     static C:\MCC18\src\traditional\proc\p18F4550.asm
                   loop_l   0x0078ba    program     static C:\MCC18\src\traditional\proc\p18F4550.asm
                     main   0x0070a4    program     extern C:\Users\Bioit\Desktop\Work_22\Duxcycler\Firmware\220720\RealTime-Duxcycler-firmware\main.c
                   memset   0x007842    program     extern C:\MCC18\src\traditional\stdclib\memset.asm
                     rand   0x007814    program     extern C:\MCC18\src\traditional\stdclib\rand.asm
                    sd000   0x00742b    program     extern C:\Users\Bioit\Desktop\Work_22\Duxcycler\Firmware\220720\RealTime-Duxcycler-firmware\USB\usb_descriptors.c
                    sd001   0x00742f    program     extern C:\Users\Bioit\Desktop\Work_22\Duxcycler\Firmware\220720\RealTime-Duxcycler-firmware\USB\usb_descriptors.c
                    sd002   0x007457    program     extern C:\Users\Bioit\Desktop\Work_22\Duxcycler\Firmware\220720\RealTime-Duxcycler-firmware\USB\usb_descriptors.c
                    sd003   0x007479    program     extern C:\Users\Bioit\Desktop\Work_22\Duxcycler\Firmware\220720\RealTime-Duxcycler-firmware\USB\usb_descriptors.c
                      sin   0x007768    program     extern C:\MCC18\src\traditional\stdclib\sin.c
                    srand   0x007806    program     extern C:\MCC18\src\traditional\stdclib\rand.asm
                     test   0x007590    program     static                          
               timer0_isr   0x0070ec    program     extern C:\Users\Bioit\Desktop\Work_22\Duxcycler\Firmware\220720\RealTime-Duxcycler-firmware\PCR\Timer.c
               timer1_isr   0x00717a    program     extern C:\Users\Bioit\Desktop\Work_22\Duxcycler\Firmware\220720\RealTime-Duxcycler-firmware\PCR\Timer.c
               zero_block   0x0078b0    program     static C:\MCC18\src\traditional\proc\p18F4550.asm
                   ADCON0   0x000fc2       data     extern C:\MCC18\src\traditional\proc\p18F4550.asm
               ADCON0bits   0x000fc2       data     extern C:\MCC18\src\traditional\proc\p18F4550.asm
                   ADCON1   0x000fc1       data     extern C:\MCC18\src\traditional\proc\p18F4550.asm
               ADCON1bits   0x000fc1       data     extern C:\MCC18\src\traditional\proc\p18F4550.asm
                   ADCON2   0x000fc0       data     extern C:\MCC18\src\traditional\proc\p18F4550.asm
               ADCON2bits   0x000fc0       data     extern C:\MCC18\src\traditional\proc\p18F4550.asm
                    ADRES   0x000fc3       data     extern C:\MCC18\src\traditional\proc\p18F4550.asm
                   ADRESH   0x000fc4       data     extern C:\MCC18\src\traditional\proc\p18F4550.asm
                   ADRESL   0x000fc3       data     extern C:\MCC18\src\traditional\proc\p18F4550.asm
                  BAUDCON   0x000fb8       data     extern C:\MCC18\src\traditional\proc\p18F4550.asm
              BAUDCONbits   0x000fb8       data     extern C:\MCC18\src\traditional\proc\p18F4550.asm
                      BDT   0x000400       data     extern C:\Users\Bioit\Desktop\Work_22\Duxcycler\Firmware\220720\RealTime-Duxcycler-firmware\USB\usb_device.c
                      BSR   0x000fe0       data     extern C:\MCC18\src\traditional\proc\p18F4550.asm
       BothEP0OutUOWNsSet   0x0001d5       data     extern C:\Users\Bioit\Desktop\Work_22\Duxcycler\Firmware\220720\RealTime-Duxcycler-firmware\USB\usb_device.c
                   CCP1AS   0x000fb6       data     extern C:\MCC18\src\traditional\proc\p18F4550.asm
               CCP1ASbits   0x000fb6       data     extern C:\MCC18\src\traditional\proc\p18F4550.asm
                  CCP1CON   0x000fbd       data     extern C:\MCC18\src\traditional\proc\p18F4550.asm
              CCP1CONbits   0x000fbd       data     extern C:\MCC18\src\traditional\proc\p18F4550.asm
                  CCP1DEL   0x000fb7       data     extern C:\MCC18\src\traditional\proc\p18F4550.asm
              CCP1DELbits   0x000fb7       data     extern C:\MCC18\src\traditional\proc\p18F4550.asm
                  CCP2CON   0x000fba       data     extern C:\MCC18\src\traditional\proc\p18F4550.asm
              CCP2CONbits   0x000fba       data     extern C:\MCC18\src\traditional\proc\p18F4550.asm
                    CCPR1   0x000fbe       data     extern C:\MCC18\src\traditional\proc\p18F4550.asm
                   CCPR1H   0x000fbf       data     extern C:\MCC18\src\traditional\proc\p18F4550.asm
                   CCPR1L   0x000fbe       data     extern C:\MCC18\src\traditional\proc\p18F4550.asm
                    CCPR2   0x000fbb       data     extern C:\MCC18\src\traditional\proc\p18F4550.asm
                   CCPR2H   0x000fbc       data     extern C:\MCC18\src\traditional\proc\p18F4550.asm
                   CCPR2L   0x000fbb       data     extern C:\MCC18\src\traditional\proc\p18F4550.asm
                    CMCON   0x000fb4       data     extern C:\MCC18\src\traditional\proc\p18F4550.asm
                CMCONbits   0x000fb4       data     extern C:\MCC18\src\traditional\proc\p18F4550.asm
                   CVRCON   0x000fb5       data     extern C:\MCC18\src\traditional\proc\p18F4550.asm
               CVRCONbits   0x000fb5       data     extern C:\MCC18\src\traditional\proc\p18F4550.asm
         ChamberFan_Count   0x000217       data     extern C:\Users\Bioit\Desktop\Work_22\Duxcycler\Firmware\220720\RealTime-Duxcycler-firmware\PCR\Timer.c
              Chamber_Fan   0x00008d       data     extern C:\Users\Bioit\Desktop\Work_22\Duxcycler\Firmware\220720\RealTime-Duxcycler-firmware\DEFINE\GlobalTypeVars.c
     Chamber_Fan_Duration   0x000200       data     extern C:\Users\Bioit\Desktop\Work_22\Duxcycler\Firmware\220720\RealTime-Duxcycler-firmware\PCR\Temp_Ctrl.c
          Chamber_LastErr   0x0000a5       data     extern C:\Users\Bioit\Desktop\Work_22\Duxcycler\Firmware\220720\RealTime-Duxcycler-firmware\DEFINE\GlobalTypeVars.c
     Chamber_LastIntegral   0x0000a9       data     extern C:\Users\Bioit\Desktop\Work_22\Duxcycler\Firmware\220720\RealTime-Duxcycler-firmware\DEFINE\GlobalTypeVars.c
           Chamber_Target   0x000081       data     extern C:\Users\Bioit\Desktop\Work_22\Duxcycler\Firmware\220720\RealTime-Duxcycler-firmware\DEFINE\GlobalTypeVars.c
           Chamber_Temp_H   0x00006d       data     extern C:\Users\Bioit\Desktop\Work_22\Duxcycler\Firmware\220720\RealTime-Duxcycler-firmware\DEFINE\GlobalTypeVars.c
           Chamber_Temp_L   0x00006e       data     extern C:\Users\Bioit\Desktop\Work_22\Duxcycler\Firmware\220720\RealTime-Duxcycler-firmware\DEFINE\GlobalTypeVars.c
           Chamber_Temper   0x000075       data     extern C:\Users\Bioit\Desktop\Work_22\Duxcycler\Firmware\220720\RealTime-Duxcycler-firmware\DEFINE\GlobalTypeVars.c
              CtrlTrfData   0x000428       data     extern C:\Users\Bioit\Desktop\Work_22\Duxcycler\Firmware\220720\RealTime-Duxcycler-firmware\USB\usb_device.c
        Cur_Action_Number   0x0001e3       data     extern C:\Users\Bioit\Desktop\Work_22\Duxcycler\Firmware\220720\RealTime-Duxcycler-firmware\PCR\PCR_Task.c
              Cur_Command   0x000069       data     extern C:\Users\Bioit\Desktop\Work_22\Duxcycler\Firmware\220720\RealTime-Duxcycler-firmware\DEFINE\GlobalTypeVars.c
           Cur_Loop_Count   0x0001da       data     extern C:\Users\Bioit\Desktop\Work_22\Duxcycler\Firmware\220720\RealTime-Duxcycler-firmware\PCR\PCR_Task.c
                Cur_State   0x000068       data     extern C:\Users\Bioit\Desktop\Work_22\Duxcycler\Firmware\220720\RealTime-Duxcycler-firmware\DEFINE\GlobalTypeVars.c
            Cur_Task_Line   0x0000b5       data     extern C:\Users\Bioit\Desktop\Work_22\Duxcycler\Firmware\220720\RealTime-Duxcycler-firmware\DEFINE\GlobalTypeVars.c
                     DDRA   0x000f92       data     extern C:\MCC18\src\traditional\proc\p18F4550.asm
                 DDRAbits   0x000f92       data     extern C:\MCC18\src\traditional\proc\p18F4550.asm
                     DDRB   0x000f93       data     extern C:\MCC18\src\traditional\proc\p18F4550.asm
                 DDRBbits   0x000f93       data     extern C:\MCC18\src\traditional\proc\p18F4550.asm
                     DDRC   0x000f94       data     extern C:\MCC18\src\traditional\proc\p18F4550.asm
                 DDRCbits   0x000f94       data     extern C:\MCC18\src\traditional\proc\p18F4550.asm
                     DDRD   0x000f95       data     extern C:\MCC18\src\traditional\proc\p18F4550.asm
                 DDRDbits   0x000f95       data     extern C:\MCC18\src\traditional\proc\p18F4550.asm
                     DDRE   0x000f96       data     extern C:\MCC18\src\traditional\proc\p18F4550.asm
                 DDREbits   0x000f96       data     extern C:\MCC18\src\traditional\proc\p18F4550.asm
                  ECCP1AS   0x000fb6       data     extern C:\MCC18\src\traditional\proc\p18F4550.asm
              ECCP1ASbits   0x000fb6       data     extern C:\MCC18\src\traditional\proc\p18F4550.asm
                 ECCP1CON   0x000fbd       data     extern C:\MCC18\src\traditional\proc\p18F4550.asm
             ECCP1CONbits   0x000fbd       data     extern C:\MCC18\src\traditional\proc\p18F4550.asm
                 ECCP1DEL   0x000fb7       data     extern C:\MCC18\src\traditional\proc\p18F4550.asm
             ECCP1DELbits   0x000fb7       data     extern C:\MCC18\src\traditional\proc\p18F4550.asm
                    EEADR   0x000fa9       data     extern C:\MCC18\src\traditional\proc\p18F4550.asm
                   EECON1   0x000fa6       data     extern C:\MCC18\src\traditional\proc\p18F4550.asm
               EECON1bits   0x000fa6       data     extern C:\MCC18\src\traditional\proc\p18F4550.asm
                   EECON2   0x000fa7       data     extern C:\MCC18\src\traditional\proc\p18F4550.asm
                   EEDATA   0x000fa8       data     extern C:\MCC18\src\traditional\proc\p18F4550.asm
                     FSR0   0x000fe9       data     extern C:\MCC18\src\traditional\proc\p18F4550.asm
                    FSR0H   0x000fea       data     extern C:\MCC18\src\traditional\proc\p18F4550.asm
                    FSR0L   0x000fe9       data     extern C:\MCC18\src\traditional\proc\p18F4550.asm
                     FSR1   0x000fe1       data     extern C:\MCC18\src\traditional\proc\p18F4550.asm
                    FSR1H   0x000fe2       data     extern C:\MCC18\src\traditional\proc\p18F4550.asm
                    FSR1L   0x000fe1       data     extern C:\MCC18\src\traditional\proc\p18F4550.asm
                     FSR2   0x000fd9       data     extern C:\MCC18\src\traditional\proc\p18F4550.asm
                    FSR2H   0x000fda       data     extern C:\MCC18\src\traditional\proc\p18F4550.asm
                    FSR2L   0x000fd9       data     extern C:\MCC18\src\traditional\proc\p18F4550.asm
              Fatal_Error   0x0000b0       data     extern C:\Users\Bioit\Desktop\Work_22\Duxcycler\Firmware\220720\RealTime-Duxcycler-firmware\DEFINE\GlobalTypeVars.c
                  HLVDCON   0x000fd2       data     extern C:\MCC18\src\traditional\proc\p18F4550.asm
              HLVDCONbits   0x000fd2       data     extern C:\MCC18\src\traditional\proc\p18F4550.asm
                   Heater   0x00008f       data     extern C:\Users\Bioit\Desktop\Work_22\Duxcycler\Firmware\220720\RealTime-Duxcycler-firmware\DEFINE\GlobalTypeVars.c
             Heater_Count   0x000216       data     extern C:\Users\Bioit\Desktop\Work_22\Duxcycler\Firmware\220720\RealTime-Duxcycler-firmware\PCR\Timer.c
          Heater_Duration   0x000206       data     extern C:\Users\Bioit\Desktop\Work_22\Duxcycler\Firmware\220720\RealTime-Duxcycler-firmware\PCR\Temp_Ctrl.c
           Heater_LastErr   0x00020a       data     extern C:\Users\Bioit\Desktop\Work_22\Duxcycler\Firmware\220720\RealTime-Duxcycler-firmware\PCR\Temp_Ctrl.c
      Heater_LastIntegral   0x00020e       data     extern C:\Users\Bioit\Desktop\Work_22\Duxcycler\Firmware\220720\RealTime-Duxcycler-firmware\PCR\Temp_Ctrl.c
            Heater_Target   0x000085       data     extern C:\Users\Bioit\Desktop\Work_22\Duxcycler\Firmware\220720\RealTime-Duxcycler-firmware\DEFINE\GlobalTypeVars.c
            Heater_Temper   0x000071       data     extern C:\Users\Bioit\Desktop\Work_22\Duxcycler\Firmware\220720\RealTime-Duxcycler-firmware\DEFINE\GlobalTypeVars.c
          Heatsink_Temp_H   0x00006f       data     extern C:\Users\Bioit\Desktop\Work_22\Duxcycler\Firmware\220720\RealTime-Duxcycler-firmware\DEFINE\GlobalTypeVars.c
          Heatsink_Temp_L   0x000070       data     extern C:\Users\Bioit\Desktop\Work_22\Duxcycler\Firmware\220720\RealTime-Duxcycler-firmware\DEFINE\GlobalTypeVars.c
          Heatsink_Temper   0x000079       data     extern C:\Users\Bioit\Desktop\Work_22\Duxcycler\Firmware\220720\RealTime-Duxcycler-firmware\DEFINE\GlobalTypeVars.c
          Het_Target_Temp   0x000089       data     extern C:\Users\Bioit\Desktop\Work_22\Duxcycler\Firmware\220720\RealTime-Duxcycler-firmware\DEFINE\GlobalTypeVars.c
                    INDF0   0x000fef       data     extern C:\MCC18\src\traditional\proc\p18F4550.asm
                    INDF1   0x000fe7       data     extern C:\MCC18\src\traditional\proc\p18F4550.asm
                    INDF2   0x000fdf       data     extern C:\MCC18\src\traditional\proc\p18F4550.asm
                   INTCON   0x000ff2       data     extern C:\MCC18\src\traditional\proc\p18F4550.asm
                  INTCON2   0x000ff1       data     extern C:\MCC18\src\traditional\proc\p18F4550.asm
              INTCON2bits   0x000ff1       data     extern C:\MCC18\src\traditional\proc\p18F4550.asm
                  INTCON3   0x000ff0       data     extern C:\MCC18\src\traditional\proc\p18F4550.asm
              INTCON3bits   0x000ff0       data     extern C:\MCC18\src\traditional\proc\p18F4550.asm
               INTCONbits   0x000ff2       data     extern C:\MCC18\src\traditional\proc\p18F4550.asm
                     IPR1   0x000f9f       data     extern C:\MCC18\src\traditional\proc\p18F4550.asm
                 IPR1bits   0x000f9f       data     extern C:\MCC18\src\traditional\proc\p18F4550.asm
                     IPR2   0x000fa2       data     extern C:\MCC18\src\traditional\proc\p18F4550.asm
                 IPR2bits   0x000fa2       data     extern C:\MCC18\src\traditional\proc\p18F4550.asm
            IsChamberCtrl   0x000093       data     extern C:\Users\Bioit\Desktop\Work_22\Duxcycler\Firmware\220720\RealTime-Duxcycler-firmware\DEFINE\GlobalTypeVars.c
            IsCompletePCR   0x000096       data     extern C:\Users\Bioit\Desktop\Work_22\Duxcycler\Firmware\220720\RealTime-Duxcycler-firmware\DEFINE\GlobalTypeVars.c
           IsCoolingState   0x000097       data     extern C:\Users\Bioit\Desktop\Work_22\Duxcycler\Firmware\220720\RealTime-Duxcycler-firmware\DEFINE\GlobalTypeVars.c
              IsCoverCtrl   0x000092       data     extern C:\Users\Bioit\Desktop\Work_22\Duxcycler\Firmware\220720\RealTime-Duxcycler-firmware\DEFINE\GlobalTypeVars.c
            IsCoverHeated   0x000094       data     extern C:\Users\Bioit\Desktop\Work_22\Duxcycler\Firmware\220720\RealTime-Duxcycler-firmware\DEFINE\GlobalTypeVars.c
                IsRunning   0x000098       data     extern C:\Users\Bioit\Desktop\Work_22\Duxcycler\Firmware\220720\RealTime-Duxcycler-firmware\DEFINE\GlobalTypeVars.c
          IsTargetArrived   0x000095       data     extern C:\Users\Bioit\Desktop\Work_22\Duxcycler\Firmware\220720\RealTime-Duxcycler-firmware\DEFINE\GlobalTypeVars.c
           IsTimeInfinite   0x0001fb       data     extern C:\Users\Bioit\Desktop\Work_22\Duxcycler\Firmware\220720\RealTime-Duxcycler-firmware\PCR\PCR_Task.c
                       Kd   0x0000a1       data     extern C:\Users\Bioit\Desktop\Work_22\Duxcycler\Firmware\220720\RealTime-Duxcycler-firmware\DEFINE\GlobalTypeVars.c
                       Ki   0x00009d       data     extern C:\Users\Bioit\Desktop\Work_22\Duxcycler\Firmware\220720\RealTime-Duxcycler-firmware\DEFINE\GlobalTypeVars.c
                       Kp   0x000099       data     extern C:\Users\Bioit\Desktop\Work_22\Duxcycler\Firmware\220720\RealTime-Duxcycler-firmware\DEFINE\GlobalTypeVars.c
                     LATA   0x000f89       data     extern C:\MCC18\src\traditional\proc\p18F4550.asm
                 LATAbits   0x000f89       data     extern C:\MCC18\src\traditional\proc\p18F4550.asm
                     LATB   0x000f8a       data     extern C:\MCC18\src\traditional\proc\p18F4550.asm
                 LATBbits   0x000f8a       data     extern C:\MCC18\src\traditional\proc\p18F4550.asm
                     LATC   0x000f8b       data     extern C:\MCC18\src\traditional\proc\p18F4550.asm
                 LATCbits   0x000f8b       data     extern C:\MCC18\src\traditional\proc\p18F4550.asm
                     LATD   0x000f8c       data     extern C:\MCC18\src\traditional\proc\p18F4550.asm
                 LATDbits   0x000f8c       data     extern C:\MCC18\src\traditional\proc\p18F4550.asm
                     LATE   0x000f8d       data     extern C:\MCC18\src\traditional\proc\p18F4550.asm
                 LATEbits   0x000f8d       data     extern C:\MCC18\src\traditional\proc\p18F4550.asm
               LID_Temp_H   0x00006b       data     extern C:\Users\Bioit\Desktop\Work_22\Duxcycler\Firmware\220720\RealTime-Duxcycler-firmware\DEFINE\GlobalTypeVars.c
               LID_Temp_L   0x00006c       data     extern C:\Users\Bioit\Desktop\Work_22\Duxcycler\Firmware\220720\RealTime-Duxcycler-firmware\DEFINE\GlobalTypeVars.c
                   LVDCON   0x000fd2       data     extern C:\MCC18\src\traditional\proc\p18F4550.asm
               LVDCONbits   0x000fd2       data     extern C:\MCC18\src\traditional\proc\p18F4550.asm
             Left_SecTime   0x0001e7       data     extern C:\Users\Bioit\Desktop\Work_22\Duxcycler\Firmware\220720\RealTime-Duxcycler-firmware\PCR\PCR_Task.c
                Left_Time   0x0001e5       data     extern C:\Users\Bioit\Desktop\Work_22\Duxcycler\Firmware\220720\RealTime-Duxcycler-firmware\PCR\PCR_Task.c
              Left_Time_H   0x0000b1       data     extern C:\Users\Bioit\Desktop\Work_22\Duxcycler\Firmware\220720\RealTime-Duxcycler-firmware\DEFINE\GlobalTypeVars.c
              Left_Time_L   0x0000b2       data     extern C:\Users\Bioit\Desktop\Work_22\Duxcycler\Firmware\220720\RealTime-Duxcycler-firmware\DEFINE\GlobalTypeVars.c
         Left_TotalTime_H   0x0000b3       data     extern C:\Users\Bioit\Desktop\Work_22\Duxcycler\Firmware\220720\RealTime-Duxcycler-firmware\DEFINE\GlobalTypeVars.c
         Left_TotalTime_L   0x0000b4       data     extern C:\Users\Bioit\Desktop\Work_22\Duxcycler\Firmware\220720\RealTime-Duxcycler-firmware\DEFINE\GlobalTypeVars.c
               Loop_Count   0x0001db       data     extern C:\Users\Bioit\Desktop\Work_22\Duxcycler\Firmware\220720\RealTime-Duxcycler-firmware\PCR\PCR_Task.c
              MaxDuration   0x000090       data     extern C:\Users\Bioit\Desktop\Work_22\Duxcycler\Firmware\220720\RealTime-Duxcycler-firmware\DEFINE\GlobalTypeVars.c
                   OSCCON   0x000fd3       data     extern C:\MCC18\src\traditional\proc\p18F4550.asm
               OSCCONbits   0x000fd3       data     extern C:\MCC18\src\traditional\proc\p18F4550.asm
                  OSCTUNE   0x000f9b       data     extern C:\MCC18\src\traditional\proc\p18F4550.asm
              OSCTUNEbits   0x000f9b       data     extern C:\MCC18\src\traditional\proc\p18F4550.asm
                       PC   0x000ff9       data     extern C:\MCC18\src\traditional\proc\p18F4550.asm
                      PCL   0x000ff9       data     extern C:\MCC18\src\traditional\proc\p18F4550.asm
                   PCLATH   0x000ffa       data     extern C:\MCC18\src\traditional\proc\p18F4550.asm
                   PCLATU   0x000ffb       data     extern C:\MCC18\src\traditional\proc\p18F4550.asm
            PCR_PID_Param   0x000150       data     extern C:\Users\Bioit\Desktop\Work_22\Duxcycler\Firmware\220720\RealTime-Duxcycler-firmware\PCR\PCR_Task.c
            PCR_Task_Line   0x000100       data     extern C:\Users\Bioit\Desktop\Work_22\Duxcycler\Firmware\220720\RealTime-Duxcycler-firmware\PCR\PCR_Task.c
             PID_End_Temp   0x0001ea       data     extern C:\Users\Bioit\Desktop\Work_22\Duxcycler\Firmware\220720\RealTime-Duxcycler-firmware\PCR\PCR_Task.c
           PID_Start_Temp   0x0001e9       data     extern C:\Users\Bioit\Desktop\Work_22\Duxcycler\Firmware\220720\RealTime-Duxcycler-firmware\PCR\PCR_Task.c
                     PIE1   0x000f9d       data     extern C:\MCC18\src\traditional\proc\p18F4550.asm
                 PIE1bits   0x000f9d       data     extern C:\MCC18\src\traditional\proc\p18F4550.asm
                     PIE2   0x000fa0       data     extern C:\MCC18\src\traditional\proc\p18F4550.asm
                 PIE2bits   0x000fa0       data     extern C:\MCC18\src\traditional\proc\p18F4550.asm
                     PIR1   0x000f9e       data     extern C:\MCC18\src\traditional\proc\p18F4550.asm
                 PIR1bits   0x000f9e       data     extern C:\MCC18\src\traditional\proc\p18F4550.asm
                     PIR2   0x000fa1       data     extern C:\MCC18\src\traditional\proc\p18F4550.asm
                 PIR2bits   0x000fa1       data     extern C:\MCC18\src\traditional\proc\p18F4550.asm
                   PLUSW0   0x000feb       data     extern C:\MCC18\src\traditional\proc\p18F4550.asm
                   PLUSW1   0x000fe3       data     extern C:\MCC18\src\traditional\proc\p18F4550.asm
                   PLUSW2   0x000fdb       data     extern C:\MCC18\src\traditional\proc\p18F4550.asm
                    PORTA   0x000f80       data     extern C:\MCC18\src\traditional\proc\p18F4550.asm
                PORTAbits   0x000f80       data     extern C:\MCC18\src\traditional\proc\p18F4550.asm
                    PORTB   0x000f81       data     extern C:\MCC18\src\traditional\proc\p18F4550.asm
                PORTBbits   0x000f81       data     extern C:\MCC18\src\traditional\proc\p18F4550.asm
                    PORTC   0x000f82       data     extern C:\MCC18\src\traditional\proc\p18F4550.asm
                PORTCbits   0x000f82       data     extern C:\MCC18\src\traditional\proc\p18F4550.asm
                    PORTD   0x000f83       data     extern C:\MCC18\src\traditional\proc\p18F4550.asm
                PORTDbits   0x000f83       data     extern C:\MCC18\src\traditional\proc\p18F4550.asm
                    PORTE   0x000f84       data     extern C:\MCC18\src\traditional\proc\p18F4550.asm
                PORTEbits   0x000f84       data     extern C:\MCC18\src\traditional\proc\p18F4550.asm
                 POSTDEC0   0x000fed       data     extern C:\MCC18\src\traditional\proc\p18F4550.asm
                 POSTDEC1   0x000fe5       data     extern C:\MCC18\src\traditional\proc\p18F4550.asm
                 POSTDEC2   0x000fdd       data     extern C:\MCC18\src\traditional\proc\p18F4550.asm
                 POSTINC0   0x000fee       data     extern C:\MCC18\src\traditional\proc\p18F4550.asm
                 POSTINC1   0x000fe6       data     extern C:\MCC18\src\traditional\proc\p18F4550.asm
                 POSTINC2   0x000fde       data     extern C:\MCC18\src\traditional\proc\p18F4550.asm
                      PR2   0x000fcb       data     extern C:\MCC18\src\traditional\proc\p18F4550.asm
                  PREINC0   0x000fec       data     extern C:\MCC18\src\traditional\proc\p18F4550.asm
                  PREINC1   0x000fe4       data     extern C:\MCC18\src\traditional\proc\p18F4550.asm
                  PREINC2   0x000fdc       data     extern C:\MCC18\src\traditional\proc\p18F4550.asm
                     PROD   0x000ff3       data     extern C:\MCC18\src\traditional\proc\p18F4550.asm
                    PRODH   0x000ff4       data     extern C:\MCC18\src\traditional\proc\p18F4550.asm
                    PRODL   0x000ff3       data     extern C:\MCC18\src\traditional\proc\p18F4550.asm
                  PWM_Dir   0x0000ad       data     extern C:\Users\Bioit\Desktop\Work_22\Duxcycler\Firmware\220720\RealTime-Duxcycler-firmware\DEFINE\GlobalTypeVars.c
             PWM_Duration   0x000202       data     extern C:\Users\Bioit\Desktop\Work_22\Duxcycler\Firmware\220720\RealTime-Duxcycler-firmware\PCR\Temp_Ctrl.c
                    PWM_H   0x0000ae       data     extern C:\Users\Bioit\Desktop\Work_22\Duxcycler\Firmware\220720\RealTime-Duxcycler-firmware\DEFINE\GlobalTypeVars.c
                    PWM_L   0x0000af       data     extern C:\Users\Bioit\Desktop\Work_22\Duxcycler\Firmware\220720\RealTime-Duxcycler-firmware\DEFINE\GlobalTypeVars.c
                  Param_D   0x0001f3       data     extern C:\Users\Bioit\Desktop\Work_22\Duxcycler\Firmware\220720\RealTime-Duxcycler-firmware\PCR\PCR_Task.c
                  Param_I   0x0001ef       data     extern C:\Users\Bioit\Desktop\Work_22\Duxcycler\Firmware\220720\RealTime-Duxcycler-firmware\PCR\PCR_Task.c
                  Param_P   0x0001eb       data     extern C:\Users\Bioit\Desktop\Work_22\Duxcycler\Firmware\220720\RealTime-Duxcycler-firmware\PCR\PCR_Task.c
       Pre_Chamber_Target   0x00007d       data     extern C:\Users\Bioit\Desktop\Work_22\Duxcycler\Firmware\220720\RealTime-Duxcycler-firmware\DEFINE\GlobalTypeVars.c
               Prev_State   0x000067       data     extern C:\Users\Bioit\Desktop\Work_22\Duxcycler\Firmware\220720\RealTime-Duxcycler-firmware\DEFINE\GlobalTypeVars.c
                     RCON   0x000fd0       data     extern C:\MCC18\src\traditional\proc\p18F4550.asm
                 RCONbits   0x000fd0       data     extern C:\MCC18\src\traditional\proc\p18F4550.asm
                    RCREG   0x000fae       data     extern C:\MCC18\src\traditional\proc\p18F4550.asm
                    RCSTA   0x000fab       data     extern C:\MCC18\src\traditional\proc\p18F4550.asm
                RCSTAbits   0x000fab       data     extern C:\MCC18\src\traditional\proc\p18F4550.asm
       ReceivedDataBuffer   0x000500       data     extern C:\Users\Bioit\Desktop\Work_22\Duxcycler\Firmware\220720\RealTime-Duxcycler-firmware\PCR\Usb_Task.c
             RemoteWakeup   0x0001d3       data     extern C:\Users\Bioit\Desktop\Work_22\Duxcycler\Firmware\220720\RealTime-Duxcycler-firmware\USB\usb_device.c
                Rx_Buffer   0x0000b6       data     extern C:\Users\Bioit\Desktop\Work_22\Duxcycler\Firmware\220720\RealTime-Duxcycler-firmware\DEFINE\GlobalTypeVars.c
                     SIGN   0x000026       data     extern C:\MCC18\src\traditional\math\cmath18.asm
                    SPBRG   0x000faf       data     extern C:\MCC18\src\traditional\proc\p18F4550.asm
                   SPBRGH   0x000fb0       data     extern C:\MCC18\src\traditional\proc\p18F4550.asm
                   SPPCFG   0x000f63       data     extern C:\MCC18\src\traditional\proc\p18F4550.asm
               SPPCFGbits   0x000f63       data     extern C:\MCC18\src\traditional\proc\p18F4550.asm
                   SPPCON   0x000f65       data     extern C:\MCC18\src\traditional\proc\p18F4550.asm
               SPPCONbits   0x000f65       data     extern C:\MCC18\src\traditional\proc\p18F4550.asm
                  SPPDATA   0x000f62       data     extern C:\MCC18\src\traditional\proc\p18F4550.asm
                   SPPEPS   0x000f64       data     extern C:\MCC18\src\traditional\proc\p18F4550.asm
               SPPEPSbits   0x000f64       data     extern C:\MCC18\src\traditional\proc\p18F4550.asm
                   SSPADD   0x000fc8       data     extern C:\MCC18\src\traditional\proc\p18F4550.asm
                   SSPBUF   0x000fc9       data     extern C:\MCC18\src\traditional\proc\p18F4550.asm
                  SSPCON1   0x000fc6       data     extern C:\MCC18\src\traditional\proc\p18F4550.asm
              SSPCON1bits   0x000fc6       data     extern C:\MCC18\src\traditional\proc\p18F4550.asm
                  SSPCON2   0x000fc5       data     extern C:\MCC18\src\traditional\proc\p18F4550.asm
              SSPCON2bits   0x000fc5       data     extern C:\MCC18\src\traditional\proc\p18F4550.asm
                  SSPSTAT   0x000fc7       data     extern C:\MCC18\src\traditional\proc\p18F4550.asm
              SSPSTATbits   0x000fc7       data     extern C:\MCC18\src\traditional\proc\p18F4550.asm
                   STATUS   0x000fd8       data     extern C:\MCC18\src\traditional\proc\p18F4550.asm
               STATUSbits   0x000fd8       data     extern C:\MCC18\src\traditional\proc\p18F4550.asm
                   STKPTR   0x000ffc       data     extern C:\MCC18\src\traditional\proc\p18F4550.asm
               STKPTRbits   0x000ffc       data     extern C:\MCC18\src\traditional\proc\p18F4550.asm
                     Seed   0x000219       data     static C:\MCC18\src\traditional\stdclib\rand.asm
                 SetupPkt   0x000420       data     extern C:\Users\Bioit\Desktop\Work_22\Duxcycler\Firmware\220720\RealTime-Duxcycler-firmware\USB\usb_device.c
          SystemFan_Count   0x000218       data     extern C:\Users\Bioit\Desktop\Work_22\Duxcycler\Firmware\220720\RealTime-Duxcycler-firmware\PCR\Timer.c
               System_Fan   0x00008e       data     extern C:\Users\Bioit\Desktop\Work_22\Duxcycler\Firmware\220720\RealTime-Duxcycler-firmware\DEFINE\GlobalTypeVars.c
      System_Fan_Duration   0x000201       data     extern C:\Users\Bioit\Desktop\Work_22\Duxcycler\Firmware\220720\RealTime-Duxcycler-firmware\PCR\Temp_Ctrl.c
                    T0CON   0x000fd5       data     extern C:\MCC18\src\traditional\proc\p18F4550.asm
                T0CONbits   0x000fd5       data     extern C:\MCC18\src\traditional\proc\p18F4550.asm
           T100MS_Counter   0x000060       data     extern C:\Users\Bioit\Desktop\Work_22\Duxcycler\Firmware\220720\RealTime-Duxcycler-firmware\DEFINE\GlobalTypeVars.c
              T100MS_Flag   0x000064       data     extern C:\Users\Bioit\Desktop\Work_22\Duxcycler\Firmware\220720\RealTime-Duxcycler-firmware\DEFINE\GlobalTypeVars.c
                    T1CON   0x000fcd       data     extern C:\MCC18\src\traditional\proc\p18F4550.asm
                T1CONbits   0x000fcd       data     extern C:\MCC18\src\traditional\proc\p18F4550.asm
              T1S_Counter   0x000062       data     extern C:\Users\Bioit\Desktop\Work_22\Duxcycler\Firmware\220720\RealTime-Duxcycler-firmware\DEFINE\GlobalTypeVars.c
                 T1S_Flag   0x000065       data     extern C:\Users\Bioit\Desktop\Work_22\Duxcycler\Firmware\220720\RealTime-Duxcycler-firmware\DEFINE\GlobalTypeVars.c
                    T2CON   0x000fca       data     extern C:\MCC18\src\traditional\proc\p18F4550.asm
                T2CONbits   0x000fca       data     extern C:\MCC18\src\traditional\proc\p18F4550.asm
                    T3CON   0x000fb1       data     extern C:\MCC18\src\traditional\proc\p18F4550.asm
                T3CONbits   0x000fb1       data     extern C:\MCC18\src\traditional\proc\p18F4550.asm
                   TABLAT   0x000ff5       data     extern C:\MCC18\src\traditional\proc\p18F4550.asm
                   TBLPTR   0x000ff6       data     extern C:\MCC18\src\traditional\proc\p18F4550.asm
                  TBLPTRH   0x000ff7       data     extern C:\MCC18\src\traditional\proc\p18F4550.asm
                  TBLPTRL   0x000ff6       data     extern C:\MCC18\src\traditional\proc\p18F4550.asm
                  TBLPTRU   0x000ff8       data     extern C:\MCC18\src\traditional\proc\p18F4550.asm
                    TMR0H   0x000fd7       data     extern C:\MCC18\src\traditional\proc\p18F4550.asm
                    TMR0L   0x000fd6       data     extern C:\MCC18\src\traditional\proc\p18F4550.asm
                    TMR1H   0x000fcf       data     extern C:\MCC18\src\traditional\proc\p18F4550.asm
                    TMR1L   0x000fce       data     extern C:\MCC18\src\traditional\proc\p18F4550.asm
                     TMR2   0x000fcc       data     extern C:\MCC18\src\traditional\proc\p18F4550.asm
                    TMR3H   0x000fb3       data     extern C:\MCC18\src\traditional\proc\p18F4550.asm
                    TMR3L   0x000fb2       data     extern C:\MCC18\src\traditional\proc\p18F4550.asm
[...]
                UEP13bits   0x000f7d       data     extern C:\MCC18\src\traditional\proc\p18F4550.asm
                    UEP13   0x000f7d       data     extern C:\MCC18\src\traditional\proc\p18F4550.asm
                UEP14bits   0x000f7e       data     extern C:\MCC18\src\traditional\proc\p18F4550.asm
                    UEP14   0x000f7e       data     extern C:\MCC18\src\traditional\proc\p18F4550.asm
                    UEP15   0x000f7f       data     extern C:\MCC18\src\traditional\proc\p18F4550.asm
                UEP15bits   0x000f7f       data     extern C:\MCC18\src\traditional\proc\p18F4550.asm
                    PORTA   0x000f80       data     extern C:\MCC18\src\traditional\proc\p18F4550.asm
                PORTAbits   0x000f80       data     extern C:\MCC18\src\traditional\proc\p18F4550.asm
                    PORTB   0x000f81       data     extern C:\MCC18\src\traditional\proc\p18F4550.asm
                PORTBbits   0x000f81       data     extern C:\MCC18\src\traditional\proc\p18F4550.asm
                    PORTC   0x000f82       data     extern C:\MCC18\src\traditional\proc\p18F4550.asm
                PORTCbits   0x000f82       data     extern C:\MCC18\src\traditional\proc\p18F4550.asm
                    PORTD   0x000f83       data     extern C:\MCC18\src\traditional\proc\p18F4550.asm
                PORTDbits   0x000f83       data     extern C:\MCC18\src\traditional\proc\p18F4550.asm
                    PORTE   0x000f84       data     extern C:\MCC18\src\traditional\proc\p18F4550.asm
                PORTEbits   0x000f84       data     extern C:\MCC18\src\traditional\proc\p18F4550.asm
                     LATA   0x000f89       data     extern C:\MCC18\src\traditional\proc\p18F4550.asm
                 LATAbits   0x000f89       data     extern C:\MCC18\src\traditional\proc\p18F4550.asm
                     LATB   0x000f8a       data     extern C:\MCC18\src\traditional\proc\p18F4550.asm
                 LATBbits   0x000f8a       data     extern C:\MCC18\src\traditional\proc\p18F4550.asm
                 LATCbits   0x000f8b       data     extern C:\MCC18\src\traditional\proc\p18F4550.asm
                     LATC   0x000f8b       data     extern C:\MCC18\src\traditional\proc\p18F4550.asm
                     LATD   0x000f8c       data     extern C:\MCC18\src\traditional\proc\p18F4550.asm
                 LATDbits   0x000f8c       data     extern C:\MCC18\src\traditional\proc\p18F4550.asm
                 LATEbits   0x000f8d       data     extern C:\MCC18\src\traditional\proc\p18F4550.asm
                     LATE   0x000f8d       data     extern C:\MCC18\src\traditional\proc\p18F4550.asm
                     DDRA   0x000f92       data     extern C:\MCC18\src\traditional\proc\p18F4550.asm
                 DDRAbits   0x000f92       data     extern C:\MCC18\src\traditional\proc\p18F4550.asm
                TRISAbits   0x000f92       data     extern C:\MCC18\src\traditional\proc\p18F4550.asm
                    TRISA   0x000f92       data     extern C:\MCC18\src\traditional\proc\p18F4550.asm
                     DDRB   0x000f93       data     extern C:\MCC18\src\traditional\proc\p18F4550.asm
                 DDRBbits   0x000f93       data     extern C:\MCC18\src\traditional\proc\p18F4550.asm
                TRISBbits   0x000f93       data     extern C:\MCC18\src\traditional\proc\p18F4550.asm
                    TRISB   0x000f93       data     extern C:\MCC18\src\traditional\proc\p18F4550.asm
                     DDRC   0x000f94       data     extern C:\MCC18\src\traditional\proc\p18F4550.asm
                 DDRCbits   0x000f94       data     extern C:\MCC18\src\traditional\proc\p18F4550.asm
                    TRISC   0x000f94       data     extern C:\MCC18\src\traditional\proc\p18F4550.asm
                TRISCbits   0x000f94       data     extern C:\MCC18\src\traditional\proc\p18F4550.asm
                    TRISD   0x000f95       data     extern C:\MCC18\src\traditional\proc\p18F4550.asm
                TRISDbits   0x000f95       data     extern C:\MCC18\src\traditional\proc\p18F4550.asm
                     DDRD   0x000f95       data     extern C:\MCC18\src\traditional\proc\p18F4550.asm
                 DDRDbits   0x000f95       data     extern C:\MCC18\src\traditional\proc\p18F4550.asm
                TRISEbits   0x000f96       data     extern C:\MCC18\src\traditional\proc\p18F4550.asm
                     DDRE   0x000f96       data     extern C:\MCC18\src\traditional\proc\p18F4550.asm
                    TRISE   0x000f96       data     extern C:\MCC18\src\traditional\proc\p18F4550.asm
                 DDREbits   0x000f96       data     extern C:\MCC18\src\traditional\proc\p18F4550.asm
              OSCTUNEbits   0x000f9b       data     extern C:\MCC18\src\traditional\proc\p18F4550.asm
                  OSCTUNE   0x000f9b       data     extern C:\MCC18\src\traditional\proc\p18F4550.asm
                 PIE1bits   0x000f9d       data     extern C:\MCC18\src\traditional\proc\p18F4550.asm
                     PIE1   0x000f9d       data     extern C:\MCC18\src\traditional\proc\p18F4550.asm
                 PIR1bits   0x000f9e       data     extern C:\MCC18\src\traditional\proc\p18F4550.asm
                     PIR1   0x000f9e       data     extern C:\MCC18\src\traditional\proc\p18F4550.asm
                     IPR1   0x000f9f       data     extern C:\MCC18\src\traditional\proc\p18F4550.asm
                 IPR1bits   0x000f9f       data     extern C:\MCC18\src\traditional\proc\p18F4550.asm
                     PIE2   0x000fa0       data     extern C:\MCC18\src\traditional\proc\p18F4550.asm
                 PIE2bits   0x000fa0       data     extern C:\MCC18\src\traditional\proc\p18F4550.asm
                 PIR2bits   0x000fa1       data     extern C:\MCC18\src\traditional\proc\p18F4550.asm
                     PIR2   0x000fa1       data     extern C:\MCC18\src\traditional\proc\p18F4550.asm
                 IPR2bits   0x000fa2       data     extern C:\MCC18\src\traditional\proc\p18F4550.asm
                     IPR2   0x000fa2       data     extern C:\MCC18\src\traditional\proc\p18F4550.asm
               EECON1bits   0x000fa6       data     extern C:\MCC18\src\traditional\proc\p18F4550.asm
                   EECON1   0x000fa6       data     extern C:\MCC18\src\traditional\proc\p18F4550.asm
                   EECON2   0x000fa7       data     extern C:\MCC18\src\traditional\proc\p18F4550.asm
                   EEDATA   0x000fa8       data     extern C:\MCC18\src\traditional\proc\p18F4550.asm
                    EEADR   0x000fa9       data     extern C:\MCC18\src\traditional\proc\p18F4550.asm
                RCSTAbits   0x000fab       data     extern C:\MCC18\src\traditional\proc\p18F4550.asm
                    RCSTA   0x000fab       data     extern C:\MCC18\src\traditional\proc\p18F4550.asm
                    TXSTA   0x000fac       data     extern C:\MCC18\src\traditional\proc\p18F4550.asm
                TXSTAbits   0x000fac       data     extern C:\MCC18\src\traditional\proc\p18F4550.asm
                    TXREG   0x000fad       data     extern C:\MCC18\src\traditional\proc\p18F4550.asm
                    RCREG   0x000fae       data     extern C:\MCC18\src\traditional\proc\p18F4550.asm
                    SPBRG   0x000faf       data     extern C:\MCC18\src\traditional\proc\p18F4550.asm
                   SPBRGH   0x000fb0       data     extern C:\MCC18\src\traditional\proc\p18F4550.asm
                T3CONbits   0x000fb1       data     extern C:\MCC18\src\traditional\proc\p18F4550.asm
                    T3CON   0x000fb1       data     extern C:\MCC18\src\traditional\proc\p18F4550.asm
                    TMR3L   0x000fb2       data     extern C:\MCC18\src\traditional\proc\p18F4550.asm
                    TMR3H   0x000fb3       data     extern C:\MCC18\src\traditional\proc\p18F4550.asm
                CMCONbits   0x000fb4       data     extern C:\MCC18\src\traditional\proc\p18F4550.asm
                    CMCON   0x000fb4       data     extern C:\MCC18\src\traditional\proc\p18F4550.asm
               CVRCONbits   0x000fb5       data     extern C:\MCC18\src\traditional\proc\p18F4550.asm
                   CVRCON   0x000fb5       data     extern C:\MCC18\src\traditional\proc\p18F4550.asm
                  ECCP1AS   0x000fb6       data     extern C:\MCC18\src\traditional\proc\p18F4550.asm
              ECCP1ASbits   0x000fb6       data     extern C:\MCC18\src\traditional\proc\p18F4550.asm
               CCP1ASbits   0x000fb6       data     extern C:\MCC18\src\traditional\proc\p18F4550.asm
                   CCP1AS   0x000fb6       data     extern C:\MCC18\src\traditional\proc\p18F4550.asm
              CCP1DELbits   0x000fb7       data     extern C:\MCC18\src\traditional\proc\p18F4550.asm
                 ECCP1DEL   0x000fb7       data     extern C:\MCC18\src\traditional\proc\p18F4550.asm
                  CCP1DEL   0x000fb7       data     extern C:\MCC18\src\traditional\proc\p18F4550.asm
             ECCP1DELbits   0x000fb7       data     extern C:\MCC18\src\traditional\proc\p18F4550.asm
                  BAUDCON   0x000fb8       data     extern C:\MCC18\src\traditional\proc\p18F4550.asm
              BAUDCONbits   0x000fb8       data     extern C:\MCC18\src\traditional\proc\p18F4550.asm
                  CCP2CON   0x000fba       data     extern C:\MCC18\src\traditional\proc\p18F4550.asm
              CCP2CONbits   0x000fba       data     extern C:\MCC18\src\traditional\proc\p18F4550.asm
                    CCPR2   0x000fbb       data     extern C:\MCC18\src\traditional\proc\p18F4550.asm
                   CCPR2L   0x000fbb       data     extern C:\MCC18\src\traditional\proc\p18F4550.asm
                   CCPR2H   0x000fbc       data     extern C:\MCC18\src\traditional\proc\p18F4550.asm
                  CCP1CON   0x000fbd       data     extern C:\MCC18\src\traditional\proc\p18F4550.asm
             ECCP1CONbits   0x000fbd       data     extern C:\MCC18\src\traditional\proc\p18F4550.asm
                 ECCP1CON   0x000fbd       data     extern C:\MCC18\src\traditional\proc\p18F4550.asm
              CCP1CONbits   0x000fbd       data     extern C:\MCC18\src\traditional\proc\p18F4550.asm
                   CCPR1L   0x000fbe       data     extern C:\MCC18\src\traditional\proc\p18F4550.asm
                    CCPR1   0x000fbe       data     extern C:\MCC18\src\traditional\proc\p18F4550.asm
                   CCPR1H   0x000fbf       data     extern C:\MCC18\src\traditional\proc\p18F4550.asm
               ADCON2bits   0x000fc0       data     extern C:\MCC18\src\traditional\proc\p18F4550.asm
                   ADCON2   0x000fc0       data     extern C:\MCC18\src\traditional\proc\p18F4550.asm
               ADCON1bits   0x000fc1       data     extern C:\MCC18\src\traditional\proc\p18F4550.asm
                   ADCON1   0x000fc1       data     extern C:\MCC18\src\traditional\proc\p18F4550.asm
               ADCON0bits   0x000fc2       data     extern C:\MCC18\src\traditional\proc\p18F4550.asm
                   ADCON0   0x000fc2       data     extern C:\MCC18\src\traditional\proc\p18F4550.asm
                   ADRESL   0x000fc3       data     extern C:\MCC18\src\traditional\proc\p18F4550.asm
                    ADRES   0x000fc3       data     extern C:\MCC18\src\traditional\proc\p18F4550.asm
                   ADRESH   0x000fc4       data     extern C:\MCC18\src\traditional\proc\p18F4550.asm
                  SSPCON2   0x000fc5       data     extern C:\MCC18\src\traditional\proc\p18F4550.asm
              SSPCON2bits   0x000fc5       data     extern C:\MCC18\src\traditional\proc\p18F4550.asm
                  SSPCON1   0x000fc6       data     extern C:\MCC18\src\traditional\proc\p18F4550.asm
              SSPCON1bits   0x000fc6       data     extern C:\MCC18\src\traditional\proc\p18F4550.asm
                  SSPSTAT   0x000fc7       data     extern C:\MCC18\src\traditional\proc\p18F4550.asm
              SSPSTATbits   0x000fc7       data     extern C:\MCC18\src\traditional\proc\p18F4550.asm
                   SSPADD   0x000fc8       data     extern C:\MCC18\src\traditional\proc\p18F4550.asm
                   SSPBUF   0x000fc9       data     extern C:\MCC18\src\traditional\proc\p18F4550.asm
                T2CONbits   0x000fca       data     extern C:\MCC18\src\traditional\proc\p18F4550.asm
                    T2CON   0x000fca       data     extern C:\MCC18\src\traditional\proc\p18F4550.asm
                      PR2   0x000fcb       data     extern C:\MCC18\src\traditional\proc\p18F4550.asm
                     TMR2   0x000fcc       data     extern C:\MCC18\src\traditional\proc\p18F4550.asm
                T1CONbits   0x000fcd       data     extern C:\MCC18\src\traditional\proc\p18F4550.asm
                    T1CON   0x000fcd       data     extern C:\MCC18\src\traditional\proc\p18F4550.asm
                    TMR1L   0x000fce       data     extern C:\MCC18\src\traditional\proc\p18F4550.asm
                    TMR1H   0x000fcf       data     extern C:\MCC18\src\traditional\proc\p18F4550.asm
                 RCONbits   0x000fd0       data     extern C:\MCC18\src\traditional\proc\p18F4550.asm
                     RCON   0x000fd0       data     extern C:\MCC18\src\traditional\proc\p18F4550.asm
                   WDTCON   0x000fd1       data     extern C:\MCC18\src\traditional\proc\p18F4550.asm
               WDTCONbits   0x000fd1       data     extern C:\MCC18\src\traditional\proc\p18F4550.asm
                  HLVDCON   0x000fd2       data     extern C:\MCC18\src\traditional\proc\p18F4550.asm
               LVDCONbits   0x000fd2       data     extern C:\MCC18\src\traditional\proc\p18F4550.asm
              HLVDCONbits   0x000fd2       data     extern C:\MCC18\src\traditional\proc\p18F4550.asm
                   LVDCON   0x000fd2       data     extern C:\MCC18\src\traditional\proc\p18F4550.asm
                   OSCCON   0x000fd3       data     extern C:\MCC18\src\traditional\proc\p18F4550.asm
               OSCCONbits   0x000fd3       data     extern C:\MCC18\src\traditional\proc\p18F4550.asm
                    T0CON   0x000fd5       data     extern C:\MCC18\src\traditional\proc\p18F4550.asm
                T0CONbits   0x000fd5       data     extern C:\MCC18\src\traditional\proc\p18F4550.asm
                    TMR0L   0x000fd6       data     extern C:\MCC18\src\traditional\proc\p18F4550.asm
                    TMR0H   0x000fd7       data     extern C:\MCC18\src\traditional\proc\p18F4550.asm
                   STATUS   0x000fd8       data     extern C:\MCC18\src\traditional\proc\p18F4550.asm
               STATUSbits   0x000fd8       data     extern C:\MCC18\src\traditional\proc\p18F4550.asm
                     FSR2   0x000fd9       data     extern C:\MCC18\src\traditional\proc\p18F4550.asm
                    FSR2L   0x000fd9       data     extern C:\MCC18\src\traditional\proc\p18F4550.asm
                    FSR2H   0x000fda       data     extern C:\MCC18\src\traditional\proc\p18F4550.asm
                   PLUSW2   0x000fdb       data     extern C:\MCC18\src\traditional\proc\p18F4550.asm
                  PREINC2   0x000fdc       data     extern C:\MCC18\src\traditional\proc\p18F4550.asm
                 POSTDEC2   0x000fdd       data     extern C:\MCC18\src\traditional\proc\p18F4550.asm
                 POSTINC2   0x000fde       data     extern C:\MCC18\src\traditional\proc\p18F4550.asm
                    INDF2   0x000fdf       data     extern C:\MCC18\src\traditional\proc\p18F4550.asm
                      BSR   0x000fe0       data     extern C:\MCC18\src\traditional\proc\p18F4550.asm
                    FSR1L   0x000fe1       data     extern C:\MCC18\src\traditional\proc\p18F4550.asm
                     FSR1   0x000fe1       data     extern C:\MCC18\src\traditional\proc\p18F4550.asm
                    FSR1H   0x000fe2       data     extern C:\MCC18\src\traditional\proc\p18F4550.asm
                   PLUSW1   0x000fe3       data     extern C:\MCC18\src\traditional\proc\p18F4550.asm
                  PREINC1   0x000fe4       data     extern C:\MCC18\src\traditional\proc\p18F4550.asm
                 POSTDEC1   0x000fe5       data     extern C:\MCC18\src\traditional\proc\p18F4550.asm
                 POSTINC1   0x000fe6       data     extern C:\MCC18\src\traditional\proc\p18F4550.asm
                    INDF1   0x000fe7       data     extern C:\MCC18\src\traditional\proc\p18F4550.asm
                     WREG   0x000fe8       data     extern C:\MCC18\src\traditional\proc\p18F4550.asm
                    FSR0L   0x000fe9       data     extern C:\MCC18\src\traditional\proc\p18F4550.asm
                     FSR0   0x000fe9       data     extern C:\MCC18\src\traditional\proc\p18F4550.asm
                    FSR0H   0x000fea       data     extern C:\MCC18\src\traditional\proc\p18F4550.asm
                   PLUSW0   0x000feb       data     extern C:\MCC18\src\traditional\proc\p18F4550.asm
                  PREINC0   0x000fec       data     extern C:\MCC18\src\traditional\proc\p18F4550.asm
                 POSTDEC0   0x000fed       data     extern C:\MCC18\src\traditional\proc\p18F4550.asm
                 POSTINC0   0x000fee       data     extern C:\MCC18\src\traditional\proc\p18F4550.asm
                    INDF0   0x000fef       data     extern C:\MCC18\src\traditional\proc\p18F4550.asm
                  INTCON3   0x000ff0       data     extern C:\MCC18\src\traditional\proc\p18F4550.asm
              INTCON3bits   0x000ff0       data     extern C:\MCC18\src\traditional\proc\p18F4550.asm
              INTCON2bits   0x000ff1       data     extern C:\MCC18\src\traditional\proc\p18F4550.asm
                  INTCON2   0x000ff1       data     extern C:\MCC18\src\traditional\proc\p18F4550.asm
                   INTCON   0x000ff2       data     extern C:\MCC18\src\traditional\proc\p18F4550.asm
               INTCONbits   0x000ff2       data     extern C:\MCC18\src\traditional\proc\p18F4550.asm
                     PROD   0x000ff3       data     extern C:\MCC18\src\traditional\proc\p18F4550.asm
                    PRODL   0x000ff3       data     extern C:\MCC18\src\traditional\proc\p18F4550.asm
                    PRODH   0x000ff4       data     extern C:\MCC18\src\traditional\proc\p18F4550.asm
                   TABLAT   0x000ff5       data     extern C:\MCC18\src\traditional\proc\p18F4550.asm
                  TBLPTRL   0x000ff6       data     extern C:\MCC18\src\traditional\proc\p18F4550.asm
                   TBLPTR   0x000ff6       data     extern C:\MCC18\src\traditional\proc\p18F4550.asm
                  TBLPTRH   0x000ff7       data     extern C:\MCC18\src\traditional\proc\p18F4550.asm
                  TBLPTRU   0x000ff8       data     extern C:\MCC18\src\traditional\proc\p18F4550.asm
                       PC   0x000ff9       data     extern C:\MCC18\src\traditional\proc\p18F4550.asm
                      PCL   0x000ff9       data     extern C:\MCC18\src\traditional\proc\p18F4550.asm
                   PCLATH   0x000ffa       data     extern C:\MCC18\src\traditional\proc\p18F4550.asm
                   PCLATU   0x000ffb       data     extern C:\MCC18\src\traditional\proc\p18F4550.asm
               STKPTRbits   0x000ffc       data     extern C:\MCC18\src\traditional\proc\p18F4550.asm
                   STKPTR   0x000ffc       data     extern C:\MCC18\src\traditional\proc\p18F4550.asm
                      TOS   0x000ffd       data     extern C:\MCC18\src\traditional\proc\p18F4550.asm
                     TOSL   0x000ffd       data     extern C:\MCC18\src\traditional\proc\p18F4550.asm
                     TOSH   0x000ffe       data     extern C:\MCC18\src\traditional\proc\p18F4550.asm
                     TOSU   0x000fff       data     extern C:\MCC18\src\traditional\proc\p18F4550.asm


